Archive member included because of file (symbol)

C:\fehqt\Proteus/EWL/lib/armv7e-m\libc.a(sprintf.o)
                              Libraries\FEHLCD.o (sprintf)
C:\fehqt\Proteus/EWL/lib/armv7e-m\libc.a(vsnprintf.o)
                              C:\fehqt\Proteus/EWL/lib/armv7e-m\libc.a(sprintf.o) (vsnprintf)
C:\fehqt\Proteus/EWL/lib/armv7e-m\libc.a(exit.o)
                              Startup\__arm_start.o (exit)
C:\fehqt\Proteus/EWL/lib/armv7e-m\libc.a(memcpy.o)
                              C:\fehqt\Proteus/EWL/lib/armv7e-m\libc.a(vsnprintf.o) (memcpy)
C:\fehqt\Proteus/EWL/lib/armv7e-m\libc.a(memset.o)
                              Startup\__arm_start.o (memset)
C:\fehqt\Proteus/EWL/lib/armv7e-m\libc.a(strcmp.o)
                              Libraries\FEHLCD.o (strcmp)
C:\fehqt\Proteus/EWL/lib/armv7e-m\libc.a(strcpy.o)
                              Libraries\FEHLCD.o (strcpy)
C:\fehqt\Proteus/EWL/lib/armv7e-m\libc.a(strlen.o)
                              Libraries\FEHLCD.o (strlen)
C:\fehqt\Proteus/EWL/lib/armv7e-m\libc.a(printformat_.o)
                              (__pformatter_)
C:\fehqt\Proteus/EWL/lib/armv7e-m\libc.a(scanformat_.o)
                              (__sformatter)
C:\fehqt\Proteus/EWL/lib/armv7e-m\libc.a(ctype_aeabi.o)
                              C:\fehqt\Proteus/EWL/lib/armv7e-m\libc.a(scanformat_.o) (isspace)
C:\fehqt\Proteus/EWL/lib/armv7e-m\libc.a(__strtoul.o)
                              C:\fehqt\Proteus/EWL/lib/armv7e-m\libc.a(scanformat_.o) (__strtoul)
C:\fehqt\Proteus/EWL/lib/armv7e-m\libc.a(__filll_mem.o)
                              C:\fehqt\Proteus/EWL/lib/armv7e-m\libc.a(memset.o) (__fill_mem)
C:\fehqt\Proteus/EWL/lib/armv7e-m\libc.a(memchr.o)
                              C:\fehqt\Proteus/EWL/lib/armv7e-m\libc.a(printformat_.o) (memchr)
C:\fehqt\Proteus/EWL/lib/armv7e-m\libc.a(strchr.o)
                              C:\fehqt\Proteus/EWL/lib/armv7e-m\libc.a(printformat_.o) (strchr)
c:/fehqt/proteus/gcc/bin/../lib/gcc/arm-none-eabi/4.6.2/armv7e-m\libgcc.a(_arm_addsubdf3.o)
                              Libraries\FEHLCD.o (__aeabi_dsub)
c:/fehqt/proteus/gcc/bin/../lib/gcc/arm-none-eabi/4.6.2/armv7e-m\libgcc.a(_arm_muldivdf3.o)
                              ..\robotmain.o (__aeabi_dmul)
c:/fehqt/proteus/gcc/bin/../lib/gcc/arm-none-eabi/4.6.2/armv7e-m\libgcc.a(_arm_cmpdf2.o)
                              ..\robotmain.o (__aeabi_dcmplt)
c:/fehqt/proteus/gcc/bin/../lib/gcc/arm-none-eabi/4.6.2/armv7e-m\libgcc.a(_arm_fixdfsi.o)
                              ..\robotmain.o (__aeabi_d2iz)
c:/fehqt/proteus/gcc/bin/../lib/gcc/arm-none-eabi/4.6.2/armv7e-m\libgcc.a(_arm_fixunsdfsi.o)
                              Libraries\FEHUtility.o (__aeabi_d2uiz)
c:/fehqt/proteus/gcc/bin/../lib/gcc/arm-none-eabi/4.6.2/armv7e-m\libgcc.a(_arm_truncdfsf2.o)
                              Libraries\FEHMotor.o (__aeabi_d2f)
c:/fehqt/proteus/gcc/bin/../lib/gcc/arm-none-eabi/4.6.2/armv7e-m\libgcc.a(_arm_addsubsf3.o)
                              Libraries\FEHLCD.o (__aeabi_fsub)
c:/fehqt/proteus/gcc/bin/../lib/gcc/arm-none-eabi/4.6.2/armv7e-m\libgcc.a(_arm_muldivsf3.o)
                              Drivers\mcg.o (__aeabi_fmul)
c:/fehqt/proteus/gcc/bin/../lib/gcc/arm-none-eabi/4.6.2/armv7e-m\libgcc.a(_arm_cmpsf2.o)
                              Libraries\FEHServo.o (__aeabi_fcmpeq)
c:/fehqt/proteus/gcc/bin/../lib/gcc/arm-none-eabi/4.6.2/armv7e-m\libgcc.a(_arm_fixsfsi.o)
                              Libraries\FEHLCD.o (__aeabi_f2iz)
c:/fehqt/proteus/gcc/bin/../lib/gcc/arm-none-eabi/4.6.2/armv7e-m\libgcc.a(_arm_fixunssfsi.o)
                              Drivers\mcg.o (__aeabi_f2uiz)
C:\fehqt\Proteus/EWL/lib/armv7e-m\librt.a(gcc_ctor_dtor.o)
                              Startup\__arm_start.o (__init_cpp)
C:\fehqt\Proteus/EWL/lib/armv7e-m\librt.a(ROMCopy.o)
                              Startup\__arm_start.o (__copy_rom_sections_to_ram)
C:\fehqt\Proteus/EWL/lib/armv7e-m\librt.a(__arm_eabi_init.o)
                              C:\fehqt\Proteus/EWL/lib/armv7e-m\libc.a(exit.o) (__destroy_global_chain)
C:\fehqt\Proteus/EWL/lib/armv7e-m\librt.a(New.o)
                              ..\robotmain.o (operator new(unsigned int))
c:/fehqt/proteus/gcc/bin/../lib/gcc/arm-none-eabi/4.6.2/../../../../arm-none-eabi/lib/armv7e-m\libsupc++.a(class_type_info.o)
                              C:\fehqt\Proteus/EWL/lib/armv7e-m\librt.a(New.o) (vtable for __cxxabiv1::__class_type_info)
c:/fehqt/proteus/gcc/bin/../lib/gcc/arm-none-eabi/4.6.2/../../../../arm-none-eabi/lib/armv7e-m\libsupc++.a(eh_alloc.o)
                              C:\fehqt\Proteus/EWL/lib/armv7e-m\librt.a(New.o) (__cxa_allocate_exception)
c:/fehqt/proteus/gcc/bin/../lib/gcc/arm-none-eabi/4.6.2/../../../../arm-none-eabi/lib/armv7e-m\libsupc++.a(eh_arm.o)
                              C:\fehqt\Proteus/EWL/lib/armv7e-m\librt.a(New.o) (__cxa_end_cleanup)
[...]
Memory Configuration

Name             Origin             Length             Attributes
m_interrupts     0x0000c000         0x00000400         xr
m_cfmprotrom     0x0000c400         0x00000010         xr
m_text           0x0000c410         0x00073bf0         xr
m_data           0x1fff0400         0x0000fc00         xrw
m_data2          0x20000000         0x00010000         xrw
*default*        0x00000000         0xffffffff

Linker script and memory map

LOAD ..\robotmain.o
LOAD ..\main.o
LOAD Startup\__arm_start.o
LOAD Startup\__arm_end.o
LOAD Startup\kinetis_sysinit.o
LOAD Libraries\FEHMotor.o
LOAD Drivers\mcg.o
LOAD Drivers\i2c.o
LOAD Drivers\spi.o
LOAD Drivers\uart.o
LOAD Drivers\ff.o
LOAD Drivers\SDHC.o
LOAD Drivers\lptmr.o
LOAD FEHProteus.o
LOAD Drivers\FEHPropeller.o
LOAD Libraries\FEHUtility.o
LOAD Libraries\FEHIO.o
LOAD Drivers\adc16.o
LOAD Libraries\FEHBuzzer.o
LOAD Libraries\FEHServo.o
LOAD Libraries\FEHLCD.o
LOAD Libraries\FEHAccel.o
LOAD Libraries\FEHBattery.o
LOAD Drivers\FEHXBee.o
LOAD Libraries\FEHRPS.o
LOAD Libraries\FEHSD.o
                0x00014fb8                __pformatter = __pformatter_
                [0x000153b0]                __sformatter = __sformatter
LOAD C:\fehqt\Proteus/EWL/lib/armv7e-m\libstdc++.a
LOAD C:\fehqt\Proteus/EWL/lib/armv7e-m\libm.a
START GROUP
LOAD C:\fehqt\Proteus/EWL/lib/armv7e-m\libc.a
LOAD C:\fehqt\Proteus/EWL/lib/armv7e-m\libc++.a
LOAD C:\fehqt\Proteus/EWL/lib/armv7e-m\libm.a
LOAD c:/fehqt/proteus/gcc/bin/../lib/gcc/arm-none-eabi/4.6.2/armv7e-m\libgcc.a
LOAD C:\fehqt\Proteus/EWL/lib/armv7e-m\librt.a
LOAD c:/fehqt/proteus/gcc/bin/../lib/gcc/arm-none-eabi/4.6.2/../../../../arm-none-eabi/lib/armv7e-m\libsupc++.a
END GROUP
                0x20000000                _estack = 0x20000000
                0x20000000                __SP_INIT = _estack
                0x00000800                __heap_size = 0x800
                0x00000800                __stack_size = 0x800

.interrupts     0x0000c000      0x1e0
                0x0000c000                __vector_table = .
                0x0000c000                . = ALIGN (0x4)
 *(.vectortable)
 .vectortable   0x0000c000      0x1e0 Startup\kinetis_sysinit.o
                0x0000c1e0                . = ALIGN (0x4)

.cfmprotect     0x0000c400        0x0
                0x0000c400                . = ALIGN (0x4)
 *(.cfmconfig)
                0x0000c400                . = ALIGN (0x4)

.text           0x0000c410     0xb588
                0x0000c410                . = ALIGN (0x4)
 *(.text)
 .text          0x0000c410      0x370 c:/fehqt/proteus/gcc/bin/../lib/gcc/arm-none-eabi/4.6.2/armv7e-m\libgcc.a(_arm_addsubdf3.o)
                0x0000c410                __aeabi_drsub
                0x0000c418                __aeabi_dsub
                0x0000c418                __subdf3
                0x0000c41c                __aeabi_dadd
                0x0000c41c                __adddf3
                0x0000c694                __floatunsidf
                0x0000c694                __aeabi_ui2d
                0x0000c6b4                __floatsidf
                0x0000c6b4                __aeabi_i2d
                0x0000c6d8                __aeabi_f2d
                0x0000c6d8                __extendsfdf2
                0x0000c714                __floatundidf
                0x0000c714                __aeabi_ul2d
                0x0000c724                __floatdidf
                0x0000c724                __aeabi_l2d
 .text          0x0000c780      0x424 c:/fehqt/proteus/gcc/bin/../lib/gcc/arm-none-eabi/4.6.2/armv7e-m\libgcc.a(_arm_muldivdf3.o)
                0x0000c780                __aeabi_dmul
                0x0000c780                __muldf3
                0x0000c9d4                __divdf3
                0x0000c9d4                __aeabi_ddiv
 .text          0x0000cba4      0x110 c:/fehqt/proteus/gcc/bin/../lib/gcc/arm-none-eabi/4.6.2/armv7e-m\libgcc.a(_arm_cmpdf2.o)
                0x0000cba4                __gtdf2
                0x0000cba4                __gedf2
                0x0000cbac                __ltdf2
                0x0000cbac                __ledf2
                0x0000cbb4                __nedf2
                0x0000cbb4                __eqdf2
                0x0000cbb4                __cmpdf2
                0x0000cc30                __aeabi_cdrcmple
                0x0000cc40                __aeabi_cdcmpeq
                0x0000cc40                __aeabi_cdcmple
                0x0000cc50                __aeabi_dcmpeq
                0x0000cc64                __aeabi_dcmplt
                0x0000cc78                __aeabi_dcmple
                0x0000cc8c                __aeabi_dcmpge
                0x0000cca0                __aeabi_dcmpgt
 .text          0x0000ccb4       0x50 c:/fehqt/proteus/gcc/bin/../lib/gcc/arm-none-eabi/4.6.2/armv7e-m\libgcc.a(_arm_fixdfsi.o)
                0x0000ccb4                __aeabi_d2iz
                0x0000ccb4                __fixdfsi
 .text          0x0000cd04       0x40 c:/fehqt/proteus/gcc/bin/../lib/gcc/arm-none-eabi/4.6.2/armv7e-m\libgcc.a(_arm_fixunsdfsi.o)
                0x0000cd04                __aeabi_d2uiz
                0x0000cd04                __fixunsdfsi
 .text          0x0000cd44       0xa0 c:/fehqt/proteus/gcc/bin/../lib/gcc/arm-none-eabi/4.6.2/armv7e-m\libgcc.a(_arm_truncdfsf2.o)
                0x0000cd44                __truncdfsf2
                0x0000cd44                __aeabi_d2f
 .text          0x0000cde4      0x21c c:/fehqt/proteus/gcc/bin/../lib/gcc/arm-none-eabi/4.6.2/armv7e-m\libgcc.a(_arm_addsubsf3.o)
                0x0000cde4                __aeabi_frsub
                0x0000cdec                __subsf3
                0x0000cdec                __aeabi_fsub
                0x0000cdf0                __aeabi_fadd
                0x0000cdf0                __addsf3
                0x0000cf50                __aeabi_ui2f
                0x0000cf50                __floatunsisf
                0x0000cf58                __aeabi_i2f
                0x0000cf58                __floatsisf
                0x0000cf74                __aeabi_ul2f
                0x0000cf74                __floatundisf
                0x0000cf84                __aeabi_l2f
                0x0000cf84                __floatdisf
 .text          0x0000d000      0x2a0 c:/fehqt/proteus/gcc/bin/../lib/gcc/arm-none-eabi/4.6.2/armv7e-m\libgcc.a(_arm_muldivsf3.o)
                0x0000d000                __mulsf3
                0x0000d000                __aeabi_fmul
                0x0000d168                __aeabi_fdiv
                0x0000d168                __divsf3
 .text          0x0000d2a0       0xec c:/fehqt/proteus/gcc/bin/../lib/gcc/arm-none-eabi/4.6.2/armv7e-m\libgcc.a(_arm_cmpsf2.o)
                0x0000d2a0                __gesf2
                0x0000d2a0                __gtsf2
                0x0000d2a8                __lesf2
                0x0000d2a8                __ltsf2
                0x0000d2b0                __nesf2
                0x0000d2b0                __eqsf2
                0x0000d2b0                __cmpsf2
                0x0000d310                __aeabi_cfrcmple
                0x0000d318                __aeabi_cfcmpeq
                0x0000d318                __aeabi_cfcmple
                0x0000d328                __aeabi_fcmpeq
                0x0000d33c                __aeabi_fcmplt
                0x0000d350                __aeabi_fcmple
                0x0000d364                __aeabi_fcmpge
                0x0000d378                __aeabi_fcmpgt
 .text          0x0000d38c      0xb54 c:/fehqt/proteus/gcc/bin/../lib/gcc/arm-none-eabi/4.6.2/armv7e-m\libgcc.a(unwind-arm.o)
                0x0000d634                _Unwind_VRS_Get
                0x0000d674                _Unwind_VRS_Set
                0x0000d9d4                __aeabi_unwind_cpp_pr2
                0x0000d9d8                __aeabi_unwind_cpp_pr1
                0x0000d9dc                __aeabi_unwind_cpp_pr0
                0x0000d9e0                _Unwind_VRS_Pop
                0x0000dd94                _Unwind_GetCFA
                0x0000dd98                __gnu_Unwind_RaiseException
                0x0000ddf8                __gnu_Unwind_ForcedUnwind
                0x0000de0c                __gnu_Unwind_Resume
                0x0000de48                __gnu_Unwind_Resume_or_Rethrow
                0x0000de58                _Unwind_Complete
                0x0000de5c                _Unwind_DeleteException
                0x0000de6c                __gnu_Unwind_Backtrace
 .text          0x0000dee0      0x1ac c:/fehqt/proteus/gcc/bin/../lib/gcc/arm-none-eabi/4.6.2/armv7e-m\libgcc.a(libunwind.o)
                0x0000dee0                __restore_core_regs
                0x0000dee0                restore_core_regs
                0x0000def8                __gnu_Unwind_Restore_VFP
                0x0000df00                __gnu_Unwind_Save_VFP
                0x0000df08                __gnu_Unwind_Restore_VFP_D
                0x0000df10                __gnu_Unwind_Save_VFP_D
                0x0000df18                __gnu_Unwind_Restore_VFP_D_16_to_31
                0x0000df20                __gnu_Unwind_Save_VFP_D_16_to_31
                0x0000df28                __gnu_Unwind_Restore_WMMXD
                0x0000df6c                __gnu_Unwind_Save_WMMXD
                0x0000dfb0                __gnu_Unwind_Restore_WMMXC
                0x0000dfc4                __gnu_Unwind_Save_WMMXC
                0x0000dfd8                ___Unwind_RaiseException
                0x0000dfd8                _Unwind_RaiseException
                0x0000dffc                _Unwind_Resume
                0x0000dffc                ___Unwind_Resume
                0x0000e020                _Unwind_Resume_or_Rethrow
                0x0000e020                ___Unwind_Resume_or_Rethrow
                0x0000e044                _Unwind_ForcedUnwind
                0x0000e044                ___Unwind_ForcedUnwind
                0x0000e068                ___Unwind_Backtrace
                0x0000e068                _Unwind_Backtrace
 .text          0x0000e08c      0x374 c:/fehqt/proteus/gcc/bin/../lib/gcc/arm-none-eabi/4.6.2/armv7e-m\libgcc.a(pr-support.o)
                0x0000e0e0                __gnu_unwind_execute
                0x0000e3a8                __gnu_unwind_frame
                0x0000e3d0                _Unwind_GetRegionStart
                0x0000e3dc                _Unwind_GetLanguageSpecificData
                0x0000e3f0                _Unwind_GetDataRelBase
                0x0000e3f8                _Unwind_GetTextRelBase
 *(.text*)
 .text._ZN9RobotMainC2Ev
                0x0000e400       0x1c ..\robotmain.o
                0x0000e400                RobotMain::RobotMain()
                0x0000e400                RobotMain::RobotMain()
 .text._ZN9RobotMain5setupEv
                0x0000e41c       0xf0 ..\robotmain.o
                0x0000e41c                RobotMain::setup()
 .text._ZN9RobotMain5driveEii
                0x0000e50c       0x3c ..\robotmain.o
                0x0000e50c                RobotMain::drive(int, int)
 .text._ZN9RobotMain9driveStopEv
                0x0000e548       0x2c ..\robotmain.o
                0x0000e548                RobotMain::driveStop()
 .text._ZN9RobotMain12driveForwardEid
                0x0000e574      0x114 ..\robotmain.o
                0x0000e574                RobotMain::driveForward(int, double)
 .text._ZN9RobotMain8turnLeftEid
                0x0000e688      0x104 ..\robotmain.o
                0x0000e688                RobotMain::turnLeft(int, double)
 .text._ZN9RobotMain9turnRightEid
                0x0000e78c      0x104 ..\robotmain.o
                0x0000e78c                RobotMain::turnRight(int, double)
 .text._ZN9RobotMain20distanceConvStraightEd
                0x0000e890       0x54 ..\robotmain.o
                0x0000e890                RobotMain::distanceConvStraight(double)
 *fill*         0x0000e8e4        0x4 00
 .text._ZN9RobotMain15distanceConvArcEd
                0x0000e8e8       0x78 ..\robotmain.o
                0x0000e8e8                RobotMain::distanceConvArc(double)
 .text._ZN9RobotMain7averageEdd
                0x0000e960       0x48 ..\robotmain.o
                0x0000e960                RobotMain::average(double, double)
 .text._ZN9RobotMain18waitForRedDetectedEd
                0x0000e9a8       0x9c ..\robotmain.o
                0x0000e9a8                RobotMain::waitForRedDetected(double)
 *fill*         0x0000ea44        0x4 00
 .text.main     0x0000ea48      0x130 ..\main.o
                0x0000ea48                main
 .text.zero_fill_bss
                0x0000eb78       0x34 Startup\__arm_start.o
 .text.__thumb_startup
                0x0000ebac       0x34 Startup\__arm_start.o
                0x0000ebac                __thumb_startup
 .text.InitFEHProteus
                0x0000ebe0      0x15c Startup\__arm_start.o
                0x0000ebe0                InitFEHProteus
 .text.pll_init_bl
                0x0000ed3c      0x130 Startup\__arm_start.o
 .text.InitPowerButton
                0x0000ee6c       0x90 Startup\__arm_start.o
                0x0000ee6c                InitPowerButton
 .text._ExitProcess
                0x0000eefc        0xc Startup\__arm_end.o
                0x0000eefc                _ExitProcess
 .text.Default_Handler
                0x0000ef08        0xc Startup\kinetis_sysinit.o
                0x0000ef08                BusFault_Handler()
                0x0000ef08                HardFault_Handler()
                0x0000ef08                SysTick_Handler()
                0x0000ef08                PendSV_Handler()
                0x0000ef08                DebugMonitor_Handler()
                0x0000ef08                MemManage_Handler()
                0x0000ef08                NMI_Handler()
                0x0000ef08                SVC_Handler()
                0x0000ef08                Default_Handler
                0x0000ef08                UsageFault_Handler()
 .text.__init_hardware
                0x0000ef14       0x44 Startup\kinetis_sysinit.o
                0x0000ef14                __init_hardware
 .text._Z8PortDISRv
                0x0000ef58       0x64 Startup\kinetis_sysinit.o
                0x0000ef58                PortDISR()
 *fill*         0x0000efbc        0x4 00
 .text._ZN8FEHMotorC2ENS_12FEHMotorPortEf
                0x0000efc0       0xb0 Libraries\FEHMotor.o
                0x0000efc0                FEHMotor::FEHMotor(FEHMotor::FEHMotorPort, float)
                0x0000efc0                FEHMotor::FEHMotor(FEHMotor::FEHMotorPort, float)
 .text._ZN8FEHMotor8SetPowerEi
                0x0000f070       0x60 Libraries\FEHMotor.o
                0x0000f070                FEHMotor::SetPower(int)
 .text._ZN8FEHMotor10SetPercentEf
                0x0000f0d0      0x158 Libraries\FEHMotor.o
                0x0000f0d0                FEHMotor::SetPercent(float)
 .text._Z21IIC_StartTransmissionhh
                0x0000f228       0x98 Drivers\i2c.o
                0x0000f228                IIC_StartTransmission(unsigned char, unsigned char)
 .text._Z5Pausev
                0x0000f2c0       0x34 Drivers\i2c.o
                0x0000f2c0                Pause()
 .text._Z21MMA8451QWriteRegisterhh
                0x0000f2f4      0x12c Drivers\i2c.o
                0x0000f2f4                MMA8451QWriteRegister(unsigned char, unsigned char)
 .text._Z12SPI_SendCharh
                0x0000f420       0x1c Drivers\spi.o
                0x0000f420                SPI_SendChar(unsigned char)
 .text._Z16SPI_WriteCommandhh
                0x0000f43c       0x34 Drivers\spi.o
                0x0000f43c                SPI_WriteCommand(unsigned char, unsigned char)
 .text._Z13SPI_CS_Assertv
                0x0000f470       0x24 Drivers\spi.o
                0x0000f470                SPI_CS_Assert()
 .text._Z15SPI_CS_Deassertv
                0x0000f494       0x24 Drivers\spi.o
                0x0000f494                SPI_CS_Deassert()
 .text._Z12SPI_Transferh
                0x0000f4b8       0x88 Drivers\spi.o
                0x0000f4b8                SPI_Transfer(unsigned char)
 .text._Z8SPI_Initv
                0x0000f540       0xe8 Drivers\spi.o
                0x0000f540                SPI_Init()
 .text._Z9uart_initPV11UART_MemMapii
                0x0000f628      0x20c Drivers\uart.o
                0x0000f628                uart_init(UART_MemMap volatile*, int, int)
 .text._Z12uart_getcharPV11UART_MemMap
                0x0000f834       0x34 Drivers\uart.o
                0x0000f834                uart_getchar(UART_MemMap volatile*)
 .text._Z12uart_putcharPV11UART_MemMapc
                0x0000f868       0x38 Drivers\uart.o
                0x0000f868                uart_putchar(UART_MemMap volatile*, char)
 .text._ZL7mem_setPvij
                0x0000f8a0       0x44 Drivers\ff.o
 .text._ZL11move_windowP5FATFSm
                0x0000f8e4       0xf0 Drivers\ff.o
 .text._ZL4syncP5FATFS
                0x0000f9d4      0x188 Drivers\ff.o
 .text._ZL8validateP5FATFSt
                0x0000fb5c       0x54 Drivers\ff.o
 .text._Z6f_syncP3FIL
                0x0000fbb0      0x1c0 Drivers\ff.o
                0x0000fbb0                f_sync(FIL*)
 .text._Z7f_closeP3FIL
                0x0000fd70       0x2c Drivers\ff.o
                0x0000fd70                f_close(FIL*)
 .text._ZL17SDHC_set_baudratemm
                0x0000fd9c      0x14c Drivers\SDHC.o
 .text._Z9SDHC_initP17esdhc_info_structPK17esdhc_init_struct
                0x0000fee8      0x1c4 Drivers\SDHC.o
                0x0000fee8                SDHC_init(esdhc_info_struct*, esdhc_init_struct const*)
 .text._ZL15SDHC_is_runningv
                0x000100ac       0x28 Drivers\SDHC.o
 .text._ZL16SDHC_status_waitm
                0x000100d4       0x38 Drivers\SDHC.o
 .text._ZL17SDHC_send_commandP20esdhc_command_struct
                0x0001010c      0x2a0 Drivers\SDHC.o
 .text._Z10SDHC_ioctlmPv
                0x000103ac      0x978 Drivers\SDHC.o
                0x000103ac                SDHC_ioctl(unsigned long, void*)
 .text._ZL14rcvr_datablockPhm
                0x00010d24      0x134 Drivers\SDHC.o
 .text._Z9disk_readhPhmh
                0x00010e58      0x13c Drivers\SDHC.o
                0x00010e58                disk_read(unsigned char, unsigned char*, unsigned long, unsigned char)
 .text._ZL14xmit_datablockPKhm
                0x00010f94       0xe0 Drivers\SDHC.o
 .text._Z10disk_writehPKhmh
                0x00011074      0x1cc Drivers\SDHC.o
                0x00011074                disk_write(unsigned char, unsigned char const*, unsigned long, unsigned char)
 .text._Z10disk_ioctlhhPv
                0x00011240      0x128 Drivers\SDHC.o
                0x00011240                disk_ioctl(unsigned char, unsigned char, void*)
 .text._Z11disk_statush
                0x00011368       0x30 Drivers\SDHC.o
                0x00011368                disk_status(unsigned char)
 .text._Z13time_delay_msm
                0x00011398       0xa4 Drivers\lptmr.o
                0x00011398                time_delay_ms(unsigned long)
 .text._Z41__static_initialization_and_destruction_0ii
                0x0001143c       0x30 FEHProteus.o
 .text._GLOBAL__sub_I_Propeller
                0x0001146c       0x14 FEHProteus.o
 .text._ZN12FEHPropellerC2Ev
                0x00011480       0x20 Drivers\FEHPropeller.o
                0x00011480                FEHPropeller::FEHPropeller()
                0x00011480                FEHPropeller::FEHPropeller()
 .text._ZN12FEHPropeller10InitializeEv
                0x000114a0       0x94 Drivers\FEHPropeller.o
                0x000114a0                FEHPropeller::Initialize()
 .text._ZN12FEHPropeller12SetMotorRateEhhh
                0x00011534       0x78 Drivers\FEHPropeller.o
                0x00011534                FEHPropeller::SetMotorRate(unsigned char, unsigned char, unsigned char)
 .text._ZL5Delaymjj
                0x000115ac       0xc4 Libraries\FEHUtility.o
 .text._Z5Sleepi
                0x00011670       0x34 Libraries\FEHUtility.o
                0x00011670                Sleep(int)
 *fill*         0x000116a4        0x4 00
 .text._Z5Sleepd
                0x000116a8       0x58 Libraries\FEHUtility.o
                0x000116a8                Sleep(double)
 .text._Z7TimeNowv
                0x00011700       0x70 Libraries\FEHUtility.o
                0x00011700                TimeNow()
 .text._ZN15DigitalInputPinC2EN5FEHIO8FEHIOPinE
                0x00011770       0x24 Libraries\FEHIO.o
                0x00011770                DigitalInputPin::DigitalInputPin(FEHIO::FEHIOPin)
                0x00011770                DigitalInputPin::DigitalInputPin(FEHIO::FEHIOPin)
 .text._ZN15DigitalInputPin10InitializeEN5FEHIO8FEHIOPinE
                0x00011794      0x224 Libraries\FEHIO.o
                0x00011794                DigitalInputPin::Initialize(FEHIO::FEHIOPin)
 .text._ZN14DigitalEncoderC2EN5FEHIO8FEHIOPinE
                0x000119b8       0x2c Libraries\FEHIO.o
                0x000119b8                DigitalEncoder::DigitalEncoder(FEHIO::FEHIOPin)
                0x000119b8                DigitalEncoder::DigitalEncoder(FEHIO::FEHIOPin)
 .text._Z10enable_irqi
                0x000119e4      0x1cc Libraries\FEHIO.o
                0x000119e4                enable_irq(int)
 .text._ZN14DigitalEncoder10InitializeEN5FEHIO8FEHIOPinENS0_21FEHIOInterruptTriggerE
                0x00011bb0      0x224 Libraries\FEHIO.o
                0x00011bb0                DigitalEncoder::Initialize(FEHIO::FEHIOPin, FEHIO::FEHIOInterruptTrigger)
 .text._Z9portB_isrv
                0x00011dd4       0xd4 Libraries\FEHIO.o
                0x00011dd4                portB_isr()
 .text._Z9portC_isrv
                0x00011ea8       0xd8 Libraries\FEHIO.o
                0x00011ea8                portC_isr()
 .text._Z9portA_isrv
                0x00011f80       0xd8 Libraries\FEHIO.o
                0x00011f80                portA_isr()
 .text._Z9portE_isrv
                0x00012058       0xd0 Libraries\FEHIO.o
                0x00012058                portE_isr()
 .text._ZN14DigitalEncoder6CountsEv
                0x00012128       0x28 Libraries\FEHIO.o
                0x00012128                DigitalEncoder::Counts()
 .text._ZN14DigitalEncoder11ResetCountsEv
                0x00012150       0x28 Libraries\FEHIO.o
                0x00012150                DigitalEncoder::ResetCounts()
 .text._ZN14AnalogInputPinC2EN5FEHIO8FEHIOPinE
                0x00012178       0x20 Libraries\FEHIO.o
                0x00012178                AnalogInputPin::AnalogInputPin(FEHIO::FEHIOPin)
                0x00012178                AnalogInputPin::AnalogInputPin(FEHIO::FEHIOPin)
 .text._ZN14AnalogInputPin5ValueEv
                0x00012198      0x180 Libraries\FEHIO.o
                0x00012198                AnalogInputPin::Value()
 .text._ZN13AnalogEncoder12EncoderValueEv
                0x00012318       0xe4 Libraries\FEHIO.o
                0x00012318                AnalogEncoder::EncoderValue()
 .text._ZN14AnalogInputPin8InitADCsEv
                0x000123fc      0x120 Libraries\FEHIO.o
                0x000123fc                AnalogInputPin::InitADCs()
 .text._Z8pit0_isrv
                0x0001251c       0x34 Libraries\FEHIO.o
                0x0001251c                pit0_isr()
 .text._ZN13AnalogEncoder4InitEv
                0x00012550       0x64 Libraries\FEHIO.o
                0x00012550                AnalogEncoder::Init()
 .text._ZN13AnalogEncoder14SetCounterInitEj
                0x000125b4       0x20 Libraries\FEHIO.o
                0x000125b4                AnalogEncoder::SetCounterInit(unsigned int)
 .text._ZN13AnalogEncoder10ProcessIntEv
                0x000125d4       0x80 Libraries\FEHIO.o
                0x000125d4                AnalogEncoder::ProcessInt()
 .text._ZN13AnalogEncoder14ProcessIntSelfEv
                0x00012654       0x80 Libraries\FEHIO.o
                0x00012654                AnalogEncoder::ProcessIntSelf()
 .text._Z7ADC_CalPV10ADC_MemMap
                0x000126d4      0x14c Drivers\adc16.o
                0x000126d4                ADC_Cal(ADC_MemMap volatile*)
 .text._Z14ADC_Config_AltPV10ADC_MemMapP7adc_cfg
                0x00012820       0x6c Drivers\adc16.o
                0x00012820                ADC_Config_Alt(ADC_MemMap volatile*, adc_cfg*)
 .text._ZN9FEHBuzzerC2Ev
                0x0001288c       0x18 Libraries\FEHBuzzer.o
                0x0001288c                FEHBuzzer::FEHBuzzer()
                0x0001288c                FEHBuzzer::FEHBuzzer()
 .text._Z41__static_initialization_and_destruction_0ii
                0x000128a4       0x30 Libraries\FEHBuzzer.o
 .text._GLOBAL__sub_I_Buzzer
                0x000128d4       0x14 Libraries\FEHBuzzer.o
 .text._ZN6FEHLCD11_InitializeEv
                0x000128e8      0x5dc Libraries\FEHLCD.o
                0x000128e8                FEHLCD::_Initialize()
 .text._ZN6FEHLCDC2Ev
                0x00012ec4       0x64 Libraries\FEHLCD.o
                0x00012ec4                FEHLCD::FEHLCD()
                0x00012ec4                FEHLCD::FEHLCD()
 .text._ZN6FEHLCD10InitializeEv
                0x00012f28       0x38 Libraries\FEHLCD.o
                0x00012f28                FEHLCD::Initialize()
 .text._ZN6FEHLCD10PrintImageEii
                0x00012f60      0x100 Libraries\FEHLCD.o
                0x00012f60                FEHLCD::PrintImage(int, int)
 .text._ZN6FEHLCD9PrintLogoEii
                0x00013060      0x100 Libraries\FEHLCD.o
                0x00013060                FEHLCD::PrintLogo(int, int)
 .text._ZN6FEHLCD22ConvertFEHColorTo24BitENS_11FEHLCDColorE
                0x00013160       0x80 Libraries\FEHLCD.o
                0x00013160                FEHLCD::ConvertFEHColorTo24Bit(FEHLCD::FEHLCDColor)
 .text._ZN6FEHLCD24Convert24BitColorTo16BitEj
                0x000131e0       0x40 Libraries\FEHLCD.o
                0x000131e0                FEHLCD::Convert24BitColorTo16Bit(unsigned int)
 .text._ZN6FEHLCD22ConvertRGBColorTo16BitEhhh
                0x00013220       0x44 Libraries\FEHLCD.o
                0x00013220                FEHLCD::ConvertRGBColorTo16Bit(unsigned char, unsigned char, unsigned char)
 .text._ZN6FEHLCD5ClearENS_11FEHLCDColorE
                0x00013264       0x28 Libraries\FEHLCD.o
                0x00013264                FEHLCD::Clear(FEHLCD::FEHLCDColor)
 .text._ZN6FEHLCD5ClearEj
                0x0001328c       0x2c Libraries\FEHLCD.o
                0x0001328c                FEHLCD::Clear(unsigned int)
 .text._ZN6FEHLCD18SetBackgroundColorENS_11FEHLCDColorE
                0x000132b8       0x28 Libraries\FEHLCD.o
                0x000132b8                FEHLCD::SetBackgroundColor(FEHLCD::FEHLCDColor)
 .text._ZN6FEHLCD18SetBackgroundColorEj
                0x000132e0       0x28 Libraries\FEHLCD.o
                0x000132e0                FEHLCD::SetBackgroundColor(unsigned int)
 .text._ZN6FEHLCD12SetFontColorENS_11FEHLCDColorE
                0x00013308       0x28 Libraries\FEHLCD.o
                0x00013308                FEHLCD::SetFontColor(FEHLCD::FEHLCDColor)
 .text._ZN6FEHLCD12SetFontColorEj
                0x00013330       0x28 Libraries\FEHLCD.o
                0x00013330                FEHLCD::SetFontColor(unsigned int)
 .text._ZN6FEHLCD7WriteAtEPKcii
                0x00013358       0x58 Libraries\FEHLCD.o
                0x00013358                FEHLCD::WriteAt(char const*, int, int)
 .text._ZN6FEHLCD11TS_SPI_InitEv
                0x000133b0       0xa8 Libraries\FEHLCD.o
                0x000133b0                FEHLCD::TS_SPI_Init()
 .text._ZN6FEHLCD10WriteIndexEh
                0x00013458      0x288 Libraries\FEHLCD.o
                0x00013458                FEHLCD::WriteIndex(unsigned char)
 .text._ZN6FEHLCD14WriteParameterEh
                0x000136e0      0x254 Libraries\FEHLCD.o
                0x000136e0                FEHLCD::WriteParameter(unsigned char)
 .text._ZN6FEHLCD6_ClearEv
                0x00013934      0x228 Libraries\FEHLCD.o
                0x00013934                FEHLCD::_Clear()
 .text._ZN6FEHLCD8NextLineEv
                0x00013b5c       0x30 Libraries\FEHLCD.o
                0x00013b5c                FEHLCD::NextLine()
 .text._ZN6FEHLCD9CheckLineEv
                0x00013b8c       0x2c Libraries\FEHLCD.o
                0x00013b8c                FEHLCD::CheckLine()
 .text._ZN6FEHLCD13SetDrawRegionEiiii
                0x00013bb8      0x10c Libraries\FEHLCD.o
                0x00013bb8                FEHLCD::SetDrawRegion(int, int, int, int)
 .text._ZN6FEHLCD11WriteCharAtEiic
                0x00013cc4      0x278 Libraries\FEHLCD.o
                0x00013cc4                FEHLCD::WriteCharAt(int, int, char)
 .text._ZN6FEHLCD11RepeatColorEv
                0x00013f3c       0xbc Libraries\FEHLCD.o
                0x00013f3c                FEHLCD::RepeatColor()
 .text._ZN6FEHLCD10_ForePixelEv
                0x00013ff8      0x160 Libraries\FEHLCD.o
                0x00013ff8                FEHLCD::_ForePixel()
 .text._ZN6FEHLCD10_BackPixelEv
                0x00014158      0x160 Libraries\FEHLCD.o
                0x00014158                FEHLCD::_BackPixel()
 .text._ZN6FEHLCD22SetRegisterColorValuesEv
                0x000142b8      0x4c0 Libraries\FEHLCD.o
                0x000142b8                FEHLCD::SetRegisterColorValues()
 .text._Z41__static_initialization_and_destruction_0ii
                0x00014778       0x30 Libraries\FEHLCD.o
 .text._GLOBAL__sub_I_image
                0x000147a8       0x14 Libraries\FEHLCD.o
 .text._ZN8FEHAccelC2Ev
                0x000147bc       0x8c Libraries\FEHAccel.o
                0x000147bc                FEHAccel::FEHAccel()
                0x000147bc                FEHAccel::FEHAccel()
 .text._Z41__static_initialization_and_destruction_0ii
                0x00014848       0x30 Libraries\FEHAccel.o
 .text._GLOBAL__sub_I_Accel
                0x00014878       0x14 Libraries\FEHAccel.o
 .text._ZN10FEHBatteryC2EN5FEHIO8FEHIOPinE
                0x0001488c       0x24 Libraries\FEHBattery.o
                0x0001488c                FEHBattery::FEHBattery(FEHIO::FEHIOPin)
                0x0001488c                FEHBattery::FEHBattery(FEHIO::FEHIOPin)
 .text._Z41__static_initialization_and_destruction_0ii
                0x000148b0       0x34 Libraries\FEHBattery.o
 .text._GLOBAL__sub_I_Battery
                0x000148e4       0x14 Libraries\FEHBattery.o
 .text._ZN7FEHXBeeC2Ev
                0x000148f8       0x20 Drivers\FEHXBee.o
                0x000148f8                FEHXBee::FEHXBee()
                0x000148f8                FEHXBee::FEHXBee()
 .text._ZN7FEHXBee17SetPacketCallBackEPFvPhhE
                0x00014918       0x20 Drivers\FEHXBee.o
                0x00014918                FEHXBee::SetPacketCallBack(void (*)(unsigned char*, unsigned char))
 .text._Z9UART0_ISRv
                0x00014938      0x174 Drivers\FEHXBee.o
                0x00014938                UART0_ISR()
 .text._ZN6FEHRPSC2Ev
                0x00014aac       0x88 Libraries\FEHRPS.o
                0x00014aac                FEHRPS::FEHRPS()
                0x00014aac                FEHRPS::FEHRPS()
 .text._Z14RPSDataProcessPhh
                0x00014b34      0x18c Libraries\FEHRPS.o
                0x00014b34                RPSDataProcess(unsigned char*, unsigned char)
 .text._Z41__static_initialization_and_destruction_0ii
                0x00014cc0       0x30 Libraries\FEHRPS.o
 .text._GLOBAL__sub_I_RPS
                0x00014cf0       0x14 Libraries\FEHRPS.o
 .text._ZN5FEHSDC2Ev
                0x00014d04       0x24 Libraries\FEHSD.o
                0x00014d04                FEHSD::FEHSD()
                0x00014d04                FEHSD::FEHSD()
 .text._ZN5FEHSD8CloseLogEv
                0x00014d28       0x38 Libraries\FEHSD.o
                0x00014d28                FEHSD::CloseLog()
 .text._Z41__static_initialization_and_destruction_0ii
                0x00014d60       0x30 Libraries\FEHSD.o
 .text._GLOBAL__sub_I_SD
                0x00014d90       0x14 Libraries\FEHSD.o
 .text.exit     0x00014da4       0x38 C:\fehqt\Proteus/EWL/lib/armv7e-m\libc.a(exit.o)
                0x00014da4                exit
 .text.memcpy   0x00014ddc       0x12 C:\fehqt\Proteus/EWL/lib/armv7e-m\libc.a(memcpy.o)
                0x00014ddc                memcpy
 .text.memset   0x00014dee        0xc C:\fehqt\Proteus/EWL/lib/armv7e-m\libc.a(memset.o)
                0x00014dee                memset
 .text.strcmp   0x00014dfa       0x18 C:\fehqt\Proteus/EWL/lib/armv7e-m\libc.a(strcmp.o)
                0x00014dfa                strcmp
 .text.strlen   0x00014e12       0x10 C:\fehqt\Proteus/EWL/lib/armv7e-m\libc.a(strlen.o)
                0x00014e12                strlen
 .text.long2str.isra.0
                0x00014e22      0x196 C:\fehqt\Proteus/EWL/lib/armv7e-m\libc.a(printformat_.o)
 .text.__pformatter_
                0x00014fb8      0x3f8 C:\fehqt\Proteus/EWL/lib/armv7e-m\libc.a(printformat_.o)
                0x00014fb8                __pformatter_
 .text.__sformatter
                0x000153b0      0x74e C:\fehqt\Proteus/EWL/lib/armv7e-m\libc.a(scanformat_.o)
                0x000153b0                __sformatter
 *fill*         0x00015afe        0x2 00
 .text.isalpha  0x00015b00       0x1c C:\fehqt\Proteus/EWL/lib/armv7e-m\libc.a(ctype_aeabi.o)
                0x00015b00                isalpha
 .text.isspace  0x00015b1c       0x1c C:\fehqt\Proteus/EWL/lib/armv7e-m\libc.a(ctype_aeabi.o)
                0x00015b1c                isspace
 .text.toupper  0x00015b38        0xc C:\fehqt\Proteus/EWL/lib/armv7e-m\libc.a(ctype_aeabi.o)
                0x00015b38                toupper
 .text.__strtoul
                0x00015b44      0x1dc C:\fehqt\Proteus/EWL/lib/armv7e-m\libc.a(__strtoul.o)
                0x00015b44                __strtoul
 .text.__fill_mem
                0x00015d20       0x76 C:\fehqt\Proteus/EWL/lib/armv7e-m\libc.a(__filll_mem.o)
                0x00015d20                __fill_mem
 .text.memchr   0x00015d96       0x1a C:\fehqt\Proteus/EWL/lib/armv7e-m\libc.a(memchr.o)
                0x00015d96                memchr
 .text.strchr   0x00015db0       0x1c C:\fehqt\Proteus/EWL/lib/armv7e-m\libc.a(strchr.o)
                0x00015db0                strchr
 .text.__init_cpp
                0x00015dcc       0x4c C:\fehqt\Proteus/EWL/lib/armv7e-m\librt.a(gcc_ctor_dtor.o)
                0x00015dcc                __init_cpp
 .text.__fini_cpp
                0x00015e18       0x34 C:\fehqt\Proteus/EWL/lib/armv7e-m\librt.a(gcc_ctor_dtor.o)
                0x00015e18                __fini_cpp
 .text.__copy_rom_section
                0x00015e4c       0x44 C:\fehqt\Proteus/EWL/lib/armv7e-m\librt.a(ROMCopy.o)
                0x00015e4c                __copy_rom_section
 .text.__copy_rom_sections_to_ram
                0x00015e90       0x34 C:\fehqt\Proteus/EWL/lib/armv7e-m\librt.a(ROMCopy.o)
                0x00015e90                __copy_rom_sections_to_ram
 .text.__destroy_global_chain
                0x00015ec4       0x1c C:\fehqt\Proteus/EWL/lib/armv7e-m\librt.a(__arm_eabi_init.o)
                0x00015ec4                __destroy_global_chain
 .text.__init_registers
                0x00015ee0       0x20 C:\fehqt\Proteus/EWL/lib/armv7e-m\librt.a(__arm_eabi_init.o)
                0x00015ee0                __init_registers
 .text.__init_user
                0x00015f00        0x4 C:\fehqt\Proteus/EWL/lib/armv7e-m\librt.a(__arm_eabi_init.o)
                0x00015f00                __init_user
 .text._ZNSt9bad_allocD2Ev
                0x00015f04        0xc C:\fehqt\Proteus/EWL/lib/armv7e-m\librt.a(New.o)
                0x00015f04                std::bad_alloc::~bad_alloc()
                0x00015f04                std::bad_alloc::~bad_alloc()
 .text._ZNKSt9bad_alloc4whatEv
                0x00015f10        0x8 C:\fehqt\Proteus/EWL/lib/armv7e-m\librt.a(New.o)
                0x00015f10                std::bad_alloc::what() const
 .text._Znwj    0x00015f18       0x4c C:\fehqt\Proteus/EWL/lib/armv7e-m\librt.a(New.o)
                0x00015f18                operator new(unsigned int)
 .text._ZdlPv   0x00015f64        0x8 C:\fehqt\Proteus/EWL/lib/armv7e-m\librt.a(New.o)
                0x00015f64                operator delete(void*)
 .text._ZNSt9bad_allocD0Ev
                0x00015f6c       0x14 C:\fehqt\Proteus/EWL/lib/armv7e-m\librt.a(New.o)
                0x00015f6c                std::bad_alloc::~bad_alloc()
 .text._ZNK10__cxxabiv117__class_type_info11__do_upcastEPKS0_PPv
                0x00015f80       0x38 c:/fehqt/proteus/gcc/bin/../lib/gcc/arm-none-eabi/4.6.2/../../../../arm-none-eabi/lib/armv7e-m\libsupc++.a(class_type_info.o)
                0x00015f80                __cxxabiv1::__class_type_info::__do_upcast(__cxxabiv1::__class_type_info const*, void**) const
 .text._ZNK10__cxxabiv117__class_type_info20__do_find_public_srcEiPKvPKS0_S2_
                0x00015fb8        0xc c:/fehqt/proteus/gcc/bin/../lib/gcc/arm-none-eabi/4.6.2/../../../../arm-none-eabi/lib/armv7e-m\libsupc++.a(class_type_info.o)
                0x00015fb8                __cxxabiv1::__class_type_info::__do_find_public_src(int, void const*, __cxxabiv1::__class_type_info const*, void const*) const
 .text._ZNK10__cxxabiv117__class_type_info11__do_upcastEPKS0_PKvRNS0_15__upcast_resultE
                0x00015fc4       0x1c c:/fehqt/proteus/gcc/bin/../lib/gcc/arm-none-eabi/4.6.2/../../../../arm-none-eabi/lib/armv7e-m\libsupc++.a(class_type_info.o)
                0x00015fc4                __cxxabiv1::__class_type_info::__do_upcast(__cxxabiv1::__class_type_info const*, void const*, __cxxabiv1::__class_type_info::__upcast_result&) const
 .text._ZN10__cxxabiv117__class_type_infoD2Ev
                0x00015fe0       0x14 c:/fehqt/proteus/gcc/bin/../lib/gcc/arm-none-eabi/4.6.2/../../../../arm-none-eabi/lib/armv7e-m\libsupc++.a(class_type_info.o)
                0x00015fe0                __cxxabiv1::__class_type_info::~__class_type_info()
                0x00015fe0                __cxxabiv1::__class_type_info::~__class_type_info()
 .text._ZN10__cxxabiv117__class_type_infoD0Ev
                0x00015ff4       0x1c c:/fehqt/proteus/gcc/bin/../lib/gcc/arm-none-eabi/4.6.2/../../../../arm-none-eabi/lib/armv7e-m\libsupc++.a(class_type_info.o)
                0x00015ff4                __cxxabiv1::__class_type_info::~__class_type_info()
 .text._ZNK10__cxxabiv117__class_type_info12__do_dyncastEiNS0_10__sub_kindEPKS0_PKvS3_S5_RNS0_16__dyncast_resultE
                0x00016010       0x3c c:/fehqt/proteus/gcc/bin/../lib/gcc/arm-none-eabi/4.6.2/../../../../arm-none-eabi/lib/armv7e-m\libsupc++.a(class_type_info.o)
                0x00016010                __cxxabiv1::__class_type_info::__do_dyncast(int, __cxxabiv1::__class_type_info::__sub_kind, __cxxabiv1::__class_type_info const*, void const*, __cxxabiv1::__class_type_info const*, void const*, __cxxabiv1::__class_type_info::__dyncast_result&) const
 .text._ZNK10__cxxabiv117__class_type_info10__do_catchEPKSt9type_infoPPvj
                0x0001604c       0x28 c:/fehqt/proteus/gcc/bin/../lib/gcc/arm-none-eabi/4.6.2/../../../../arm-none-eabi/lib/armv7e-m\libsupc++.a(class_type_info.o)
                0x0001604c                __cxxabiv1::__class_type_info::__do_catch(std::type_info const*, void**, unsigned int) const
 .text.__cxa_allocate_exception
                0x00016074       0x70 c:/fehqt/proteus/gcc/bin/../lib/gcc/arm-none-eabi/4.6.2/../../../../arm-none-eabi/lib/armv7e-m\libsupc++.a(eh_alloc.o)
                0x00016074                __cxa_allocate_exception
 .text.__cxa_free_exception
                0x000160e4       0x34 c:/fehqt/proteus/gcc/bin/../lib/gcc/arm-none-eabi/4.6.2/../../../../arm-none-eabi/lib/armv7e-m\libsupc++.a(eh_alloc.o)
                0x000160e4                __cxa_free_exception
 .text.__cxa_end_cleanup
                0x00016118        0xc c:/fehqt/proteus/gcc/bin/../lib/gcc/arm-none-eabi/4.6.2/../../../../arm-none-eabi/lib/armv7e-m\libsupc++.a(eh_arm.o)
                0x00016118                __cxa_end_cleanup
 .text.__cxa_type_match
                0x00016124       0xec c:/fehqt/proteus/gcc/bin/../lib/gcc/arm-none-eabi/4.6.2/../../../../arm-none-eabi/lib/armv7e-m\libsupc++.a(eh_arm.o)
                0x00016124                __cxa_type_match
 .text.__cxa_begin_cleanup
                0x00016210       0x78 c:/fehqt/proteus/gcc/bin/../lib/gcc/arm-none-eabi/4.6.2/../../../../arm-none-eabi/lib/armv7e-m\libsupc++.a(eh_arm.o)
                0x00016210                __cxa_begin_cleanup
 .text.__gnu_end_cleanup
                0x00016288       0x7c c:/fehqt/proteus/gcc/bin/../lib/gcc/arm-none-eabi/4.6.2/../../../../arm-none-eabi/lib/armv7e-m\libsupc++.a(eh_arm.o)
                0x00016288                __gnu_end_cleanup
 .text.__cxa_bad_typeid
                0x00016304       0x24 c:/fehqt/proteus/gcc/bin/../lib/gcc/arm-none-eabi/4.6.2/../../../../arm-none-eabi/lib/armv7e-m\libsupc++.a(eh_aux_runtime.o)
                0x00016304                __cxa_bad_typeid
 .text.__cxa_call_terminate
                0x00016328       0x50 c:/fehqt/proteus/gcc/bin/../lib/gcc/arm-none-eabi/4.6.2/../../../../arm-none-eabi/lib/armv7e-m\libsupc++.a(eh_call.o)
                0x00016328                __cxa_call_terminate
 .text.__cxa_call_unexpected
                0x00016378      0x120 c:/fehqt/proteus/gcc/bin/../lib/gcc/arm-none-eabi/4.6.2/../../../../arm-none-eabi/lib/armv7e-m\libsupc++.a(eh_call.o)
                0x00016378                __cxa_call_unexpected
 .text.__cxa_begin_catch
                0x00016498       0x98 c:/fehqt/proteus/gcc/bin/../lib/gcc/arm-none-eabi/4.6.2/../../../../arm-none-eabi/lib/armv7e-m\libsupc++.a(eh_catch.o)
                0x00016498                __cxa_begin_catch
 .text.__cxa_end_catch
                0x00016530       0x98 c:/fehqt/proteus/gcc/bin/../lib/gcc/arm-none-eabi/4.6.2/../../../../arm-none-eabi/lib/armv7e-m\libsupc++.a(eh_catch.o)
                0x00016530                __cxa_end_catch
 .text._ZNSt9exceptionD2Ev
                0x000165c8        0xc c:/fehqt/proteus/gcc/bin/../lib/gcc/arm-none-eabi/4.6.2/../../../../arm-none-eabi/lib/armv7e-m\libsupc++.a(eh_exception.o)
                0x000165c8                std::exception::~exception()
                0x000165c8                std::exception::~exception()
 .text._ZNSt13bad_exceptionD2Ev
                0x000165d4        0xc c:/fehqt/proteus/gcc/bin/../lib/gcc/arm-none-eabi/4.6.2/../../../../arm-none-eabi/lib/armv7e-m\libsupc++.a(eh_exception.o)
                0x000165d4                std::bad_exception::~bad_exception()
                0x000165d4                std::bad_exception::~bad_exception()
 .text._ZNKSt9exception4whatEv
                0x000165e0        0xc c:/fehqt/proteus/gcc/bin/../lib/gcc/arm-none-eabi/4.6.2/../../../../arm-none-eabi/lib/armv7e-m\libsupc++.a(eh_exception.o)
                0x000165e0                std::exception::what() const
 .text._ZNKSt13bad_exception4whatEv
                0x000165ec        0xc c:/fehqt/proteus/gcc/bin/../lib/gcc/arm-none-eabi/4.6.2/../../../../arm-none-eabi/lib/armv7e-m\libsupc++.a(eh_exception.o)
                0x000165ec                std::bad_exception::what() const
 .text._ZNSt13bad_exceptionD0Ev
                0x000165f8       0x14 c:/fehqt/proteus/gcc/bin/../lib/gcc/arm-none-eabi/4.6.2/../../../../arm-none-eabi/lib/armv7e-m\libsupc++.a(eh_exception.o)
                0x000165f8                std::bad_exception::~bad_exception()
 .text._ZNSt9exceptionD0Ev
                0x0001660c       0x14 c:/fehqt/proteus/gcc/bin/../lib/gcc/arm-none-eabi/4.6.2/../../../../arm-none-eabi/lib/armv7e-m\libsupc++.a(eh_exception.o)
                0x0001660c                std::exception::~exception()
 .text.__cxa_get_globals_fast
                0x00016620        0xc c:/fehqt/proteus/gcc/bin/../lib/gcc/arm-none-eabi/4.6.2/../../../../arm-none-eabi/lib/armv7e-m\libsupc++.a(eh_globals.o)
                0x00016620                __cxa_get_globals_fast
 .text.__cxa_get_globals
                0x0001662c        0xc c:/fehqt/proteus/gcc/bin/../lib/gcc/arm-none-eabi/4.6.2/../../../../arm-none-eabi/lib/armv7e-m\libsupc++.a(eh_globals.o)
                0x0001662c                __cxa_get_globals
 .text._ZL12read_sleb128PKhPl
                0x00016638       0x3c c:/fehqt/proteus/gcc/bin/../lib/gcc/arm-none-eabi/4.6.2/../../../../arm-none-eabi/lib/armv7e-m\libsupc++.a(eh_personality.o)
 .text._ZL28read_encoded_value_with_basehjPKhPj
                0x00016674       0xa4 c:/fehqt/proteus/gcc/bin/../lib/gcc/arm-none-eabi/4.6.2/../../../../arm-none-eabi/lib/armv7e-m\libsupc++.a(eh_personality.o)
 .text._ZL21base_of_encoded_valuehP15_Unwind_Context
                0x00016718       0x4c c:/fehqt/proteus/gcc/bin/../lib/gcc/arm-none-eabi/4.6.2/../../../../arm-none-eabi/lib/armv7e-m\libsupc++.a(eh_personality.o)
 .text._ZL17parse_lsda_headerP15_Unwind_ContextPKhP16lsda_header_info.constprop.1
                0x00016764       0x90 c:/fehqt/proteus/gcc/bin/../lib/gcc/arm-none-eabi/4.6.2/../../../../arm-none-eabi/lib/armv7e-m\libsupc++.a(eh_personality.o)
 .text.__gxx_personality_v0
                0x000167f4      0x3bc c:/fehqt/proteus/gcc/bin/../lib/gcc/arm-none-eabi/4.6.2/../../../../arm-none-eabi/lib/armv7e-m\libsupc++.a(eh_personality.o)
                0x000167f4                __gxx_personality_v0
 .text._ZN10__cxxabiv111__terminateEPFvvE
                0x00016bb0       0x28 c:/fehqt/proteus/gcc/bin/../lib/gcc/arm-none-eabi/4.6.2/../../../../arm-none-eabi/lib/armv7e-m\libsupc++.a(eh_terminate.o)
                0x00016bb0                __cxxabiv1::__terminate(void (*)())
 .text._ZSt9terminatev
                0x00016bd8       0x10 c:/fehqt/proteus/gcc/bin/../lib/gcc/arm-none-eabi/4.6.2/../../../../arm-none-eabi/lib/armv7e-m\libsupc++.a(eh_terminate.o)
                0x00016bd8                std::terminate()
 .text._ZN10__cxxabiv112__unexpectedEPFvvE
                0x00016be8        0x8 c:/fehqt/proteus/gcc/bin/../lib/gcc/arm-none-eabi/4.6.2/../../../../arm-none-eabi/lib/armv7e-m\libsupc++.a(eh_terminate.o)
                0x00016be8                __cxxabiv1::__unexpected(void (*)())
 .text._ZSt10unexpectedv
                0x00016bf0       0x14 c:/fehqt/proteus/gcc/bin/../lib/gcc/arm-none-eabi/4.6.2/../../../../arm-none-eabi/lib/armv7e-m\libsupc++.a(eh_terminate.o)
                0x00016bf0                std::unexpected()
 .text._ZL23__gxx_exception_cleanup19_Unwind_Reason_CodeP21_Unwind_Control_Block
                0x00016c04       0x4c c:/fehqt/proteus/gcc/bin/../lib/gcc/arm-none-eabi/4.6.2/../../../../arm-none-eabi/lib/armv7e-m\libsupc++.a(eh_throw.o)
 .text.__cxa_throw
                0x00016c50       0x80 c:/fehqt/proteus/gcc/bin/../lib/gcc/arm-none-eabi/4.6.2/../../../../arm-none-eabi/lib/armv7e-m\libsupc++.a(eh_throw.o)
                0x00016c50                __cxa_throw
 .text.__cxa_rethrow
                0x00016cd0       0x78 c:/fehqt/proteus/gcc/bin/../lib/gcc/arm-none-eabi/4.6.2/../../../../arm-none-eabi/lib/armv7e-m\libsupc++.a(eh_throw.o)
                0x00016cd0                __cxa_rethrow
 .text._ZN10__cxxabiv123__fundamental_type_infoD2Ev
                0x00016d48       0x14 c:/fehqt/proteus/gcc/bin/../lib/gcc/arm-none-eabi/4.6.2/../../../../arm-none-eabi/lib/armv7e-m\libsupc++.a(fundamental_type_info.o)
                0x00016d48                __cxxabiv1::__fundamental_type_info::~__fundamental_type_info()
                0x00016d48                __cxxabiv1::__fundamental_type_info::~__fundamental_type_info()
 .text._ZN10__cxxabiv123__fundamental_type_infoD0Ev
                0x00016d5c       0x1c c:/fehqt/proteus/gcc/bin/../lib/gcc/arm-none-eabi/4.6.2/../../../../arm-none-eabi/lib/armv7e-m\libsupc++.a(fundamental_type_info.o)
                0x00016d5c                __cxxabiv1::__fundamental_type_info::~__fundamental_type_info()
 .text._ZNK10__cxxabiv119__pointer_type_info14__is_pointer_pEv
                0x00016d78        0x4 c:/fehqt/proteus/gcc/bin/../lib/gcc/arm-none-eabi/4.6.2/../../../../arm-none-eabi/lib/armv7e-m\libsupc++.a(pointer_type_info.o)
                0x00016d78                __cxxabiv1::__pointer_type_info::__is_pointer_p() const
 .text._ZN10__cxxabiv119__pointer_type_infoD2Ev
                0x00016d7c       0x14 c:/fehqt/proteus/gcc/bin/../lib/gcc/arm-none-eabi/4.6.2/../../../../arm-none-eabi/lib/armv7e-m\libsupc++.a(pointer_type_info.o)
                0x00016d7c                __cxxabiv1::__pointer_type_info::~__pointer_type_info()
                0x00016d7c                __cxxabiv1::__pointer_type_info::~__pointer_type_info()
 .text._ZN10__cxxabiv119__pointer_type_infoD0Ev
                0x00016d90       0x1c c:/fehqt/proteus/gcc/bin/../lib/gcc/arm-none-eabi/4.6.2/../../../../arm-none-eabi/lib/armv7e-m\libsupc++.a(pointer_type_info.o)
                0x00016d90                __cxxabiv1::__pointer_type_info::~__pointer_type_info()
 .text._ZNK10__cxxabiv119__pointer_type_info15__pointer_catchEPKNS_17__pbase_type_infoEPPvj
                0x00016dac       0x44 c:/fehqt/proteus/gcc/bin/../lib/gcc/arm-none-eabi/4.6.2/../../../../arm-none-eabi/lib/armv7e-m\libsupc++.a(pointer_type_info.o)
                0x00016dac                __cxxabiv1::__pointer_type_info::__pointer_catch(__cxxabiv1::__pbase_type_info const*, void**, unsigned int) const
 .text._ZN10__cxxabiv120__si_class_type_infoD2Ev
                0x00016df0       0x14 c:/fehqt/proteus/gcc/bin/../lib/gcc/arm-none-eabi/4.6.2/../../../../arm-none-eabi/lib/armv7e-m\libsupc++.a(si_class_type_info.o)
                0x00016df0                __cxxabiv1::__si_class_type_info::~__si_class_type_info()
                0x00016df0                __cxxabiv1::__si_class_type_info::~__si_class_type_info()
 .text._ZN10__cxxabiv120__si_class_type_infoD0Ev
                0x00016e04       0x1c c:/fehqt/proteus/gcc/bin/../lib/gcc/arm-none-eabi/4.6.2/../../../../arm-none-eabi/lib/armv7e-m\libsupc++.a(si_class_type_info.o)
                0x00016e04                __cxxabiv1::__si_class_type_info::~__si_class_type_info()
 .text._ZNK10__cxxabiv120__si_class_type_info11__do_upcastEPKNS_17__class_type_infoEPKvRNS1_15__upcast_resultE
                0x00016e20       0x24 c:/fehqt/proteus/gcc/bin/../lib/gcc/arm-none-eabi/4.6.2/../../../../arm-none-eabi/lib/armv7e-m\libsupc++.a(si_class_type_info.o)
                0x00016e20                __cxxabiv1::__si_class_type_info::__do_upcast(__cxxabiv1::__class_type_info const*, void const*, __cxxabiv1::__class_type_info::__upcast_result&) const
 .text._ZNK10__cxxabiv120__si_class_type_info12__do_dyncastEiNS_17__class_type_info10__sub_kindEPKS1_PKvS4_S6_RNS1_16__dyncast_resultE
                0x00016e44       0x94 c:/fehqt/proteus/gcc/bin/../lib/gcc/arm-none-eabi/4.6.2/../../../../arm-none-eabi/lib/armv7e-m\libsupc++.a(si_class_type_info.o)
                0x00016e44                __cxxabiv1::__si_class_type_info::__do_dyncast(int, __cxxabiv1::__class_type_info::__sub_kind, __cxxabiv1::__class_type_info const*, void const*, __cxxabiv1::__class_type_info const*, void const*, __cxxabiv1::__class_type_info::__dyncast_result&) const
 .text._ZNK10__cxxabiv120__si_class_type_info20__do_find_public_srcEiPKvPKNS_17__class_type_infoES2_
                0x00016ed8       0x34 c:/fehqt/proteus/gcc/bin/../lib/gcc/arm-none-eabi/4.6.2/../../../../arm-none-eabi/lib/armv7e-m\libsupc++.a(si_class_type_info.o)
                0x00016ed8                __cxxabiv1::__si_class_type_info::__do_find_public_src(int, void const*, __cxxabiv1::__class_type_info const*, void const*) const
 .text._ZNSt9type_infoD2Ev
                0x00016f0c        0xc c:/fehqt/proteus/gcc/bin/../lib/gcc/arm-none-eabi/4.6.2/../../../../arm-none-eabi/lib/armv7e-m\libsupc++.a(tinfo.o)
                0x00016f0c                std::type_info::~type_info()
                0x00016f0c                std::type_info::~type_info()
 .text._ZNKSt9type_info14__is_pointer_pEv
                0x00016f18        0x4 c:/fehqt/proteus/gcc/bin/../lib/gcc/arm-none-eabi/4.6.2/../../../../arm-none-eabi/lib/armv7e-m\libsupc++.a(tinfo.o)
                0x00016f18                std::type_info::__is_pointer_p() const
 .text._ZNKSt9type_info15__is_function_pEv
                0x00016f1c        0x4 c:/fehqt/proteus/gcc/bin/../lib/gcc/arm-none-eabi/4.6.2/../../../../arm-none-eabi/lib/armv7e-m\libsupc++.a(tinfo.o)
                0x00016f1c                std::type_info::__is_function_p() const
 .text._ZNKSt9type_info11__do_upcastEPKN10__cxxabiv117__class_type_infoEPPv
                0x00016f20        0x4 c:/fehqt/proteus/gcc/bin/../lib/gcc/arm-none-eabi/4.6.2/../../../../arm-none-eabi/lib/armv7e-m\libsupc++.a(tinfo.o)
                0x00016f20                std::type_info::__do_upcast(__cxxabiv1::__class_type_info const*, void**) const
 .text._ZNSt9type_infoD0Ev
                0x00016f24       0x14 c:/fehqt/proteus/gcc/bin/../lib/gcc/arm-none-eabi/4.6.2/../../../../arm-none-eabi/lib/armv7e-m\libsupc++.a(tinfo.o)
                0x00016f24                std::type_info::~type_info()
 .text._ZNKSt9type_infoeqERKS_
                0x00016f38       0x30 c:/fehqt/proteus/gcc/bin/../lib/gcc/arm-none-eabi/4.6.2/../../../../arm-none-eabi/lib/armv7e-m\libsupc++.a(tinfo.o)
                0x00016f38                std::type_info::operator==(std::type_info const&) const
 .text._ZNKSt9type_info10__do_catchEPKS_PPvj
                0x00016f68        0x4 c:/fehqt/proteus/gcc/bin/../lib/gcc/arm-none-eabi/4.6.2/../../../../arm-none-eabi/lib/armv7e-m\libsupc++.a(tinfo.o)
                0x00016f68                std::type_info::__do_catch(std::type_info const*, void**, unsigned int) const
 .text._ZNKSt10bad_typeid4whatEv
                0x00016f6c        0xc c:/fehqt/proteus/gcc/bin/../lib/gcc/arm-none-eabi/4.6.2/../../../../arm-none-eabi/lib/armv7e-m\libsupc++.a(bad_typeid.o)
                0x00016f6c                std::bad_typeid::what() const
 .text._ZNSt10bad_typeidD2Ev
                0x00016f78       0x14 c:/fehqt/proteus/gcc/bin/../lib/gcc/arm-none-eabi/4.6.2/../../../../arm-none-eabi/lib/armv7e-m\libsupc++.a(bad_typeid.o)
                0x00016f78                std::bad_typeid::~bad_typeid()
                0x00016f78                std::bad_typeid::~bad_typeid()
 .text._ZNSt10bad_typeidD0Ev
                0x00016f8c       0x1c c:/fehqt/proteus/gcc/bin/../lib/gcc/arm-none-eabi/4.6.2/../../../../arm-none-eabi/lib/armv7e-m\libsupc++.a(bad_typeid.o)
                0x00016f8c                std::bad_typeid::~bad_typeid()
 .text._ZNK10__cxxabiv117__pbase_type_info15__pointer_catchEPKS0_PPvj
                0x00016fa8       0x10 c:/fehqt/proteus/gcc/bin/../lib/gcc/arm-none-eabi/4.6.2/../../../../arm-none-eabi/lib/armv7e-m\libsupc++.a(pbase_type_info.o)
                0x00016fa8                __cxxabiv1::__pbase_type_info::__pointer_catch(__cxxabiv1::__pbase_type_info const*, void**, unsigned int) const
 .text._ZN10__cxxabiv117__pbase_type_infoD2Ev
                0x00016fb8       0x14 c:/fehqt/proteus/gcc/bin/../lib/gcc/arm-none-eabi/4.6.2/../../../../arm-none-eabi/lib/armv7e-m\libsupc++.a(pbase_type_info.o)
                0x00016fb8                __cxxabiv1::__pbase_type_info::~__pbase_type_info()
                0x00016fb8                __cxxabiv1::__pbase_type_info::~__pbase_type_info()
 .text._ZN10__cxxabiv117__pbase_type_infoD0Ev
                0x00016fcc       0x1c c:/fehqt/proteus/gcc/bin/../lib/gcc/arm-none-eabi/4.6.2/../../../../arm-none-eabi/lib/armv7e-m\libsupc++.a(pbase_type_info.o)
                0x00016fcc                __cxxabiv1::__pbase_type_info::~__pbase_type_info()
 .text._ZNK10__cxxabiv117__pbase_type_info10__do_catchEPKSt9type_infoPPvj
                0x00016fe8       0x68 c:/fehqt/proteus/gcc/bin/../lib/gcc/arm-none-eabi/4.6.2/../../../../arm-none-eabi/lib/armv7e-m\libsupc++.a(pbase_type_info.o)
                0x00016fe8                __cxxabiv1::__pbase_type_info::__do_catch(std::type_info const*, void**, unsigned int) const
 .text.abort    0x00017050       0x24 C:\fehqt\Proteus/EWL/lib/armv7e-m\libc.a(abort.o)
                0x00017050                abort
 .text.sbrk     0x00017074       0x28 C:\fehqt\Proteus/EWL/lib/armv7e-m\libc.a(alloc.o)
                0x00017074                sbrk
 .text.malloc   0x0001709c      0x110 C:\fehqt\Proteus/EWL/lib/armv7e-m\libc.a(alloc.o)
                0x0001709c                malloc
 .text.free     0x000171ac       0x10 C:\fehqt\Proteus/EWL/lib/armv7e-m\libc.a(alloc.o)
                0x000171ac                free
 .text.raise    0x000171bc       0x3c C:\fehqt\Proteus/EWL/lib/armv7e-m\libc.a(raise.o)
                0x000171bc                raise
 *(.rodata)
 .rodata        0x000171f8       0x78 Libraries\FEHIO.o
 .rodata        0x00017270       0x34 Libraries\FEHLCD.o
 *(.rodata*)
 .rodata.K60_SDHC0_init
                0x000172a4        0xc Drivers\SDHC.o
                0x000172a4                K60_SDHC0_init
 .rodata._ZL21ESDHC_COMMAND_XFERTYP
                0x000172b0      0x100 Drivers\SDHC.o
 .rodata._ZL9GPIOPorts
                0x000173b0       0x20 Libraries\FEHIO.o
 .rodata._ZL10ADCNumbers
                0x000173d0       0x24 Libraries\FEHIO.o
 .rodata._ZL14GPIOPinNumbers
                0x000173f4       0x80 Libraries\FEHIO.o
 .rodata._ZL16AnalogPinNumbers
                0x00017474       0x84 Libraries\FEHIO.o
 .rodata.str1.1
                0x00000000        0x0 C:\fehqt\Proteus/EWL/lib/armv7e-m\libc.a(printformat_.o)
                                  0x1 (size before relaxing)
 .rodata.__aeabi_ctype_table_C
                0x000174f8      0x101 C:\fehqt\Proteus/EWL/lib/armv7e-m\libc.a(ctype_aeabi.o)
                0x000174f8                __aeabi_ctype_table_C
 *fill*         0x000175f9        0x7 00
 .rodata._ZTVSt9bad_alloc
                0x00017600       0x18 C:\fehqt\Proteus/EWL/lib/armv7e-m\librt.a(New.o)
                0x00017600                vtable for std::bad_alloc
 .rodata._ZTISt9bad_alloc
                0x00017618        0xc C:\fehqt\Proteus/EWL/lib/armv7e-m\librt.a(New.o)
                0x00017618                typeinfo for std::bad_alloc
 .rodata._ZTSSt9bad_alloc
                0x00017624        0xd C:\fehqt\Proteus/EWL/lib/armv7e-m\librt.a(New.o)
                0x00017624                typeinfo name for std::bad_alloc
 .rodata.str1.1
                0x00017631       0x14 C:\fehqt\Proteus/EWL/lib/armv7e-m\librt.a(New.o)
 *fill*         0x00017645        0x3 00
 .rodata._ZTVN10__cxxabiv117__class_type_infoE
                0x00017648       0x30 c:/fehqt/proteus/gcc/bin/../lib/gcc/arm-none-eabi/4.6.2/../../../../arm-none-eabi/lib/armv7e-m\libsupc++.a(class_type_info.o)
                0x00017648                vtable for __cxxabiv1::__class_type_info
 .rodata._ZTIN10__cxxabiv117__class_type_infoE
                0x00017678        0xc c:/fehqt/proteus/gcc/bin/../lib/gcc/arm-none-eabi/4.6.2/../../../../arm-none-eabi/lib/armv7e-m\libsupc++.a(class_type_info.o)
                0x00017678                typeinfo for __cxxabiv1::__class_type_info
 .rodata._ZTSN10__cxxabiv117__class_type_infoE
                0x00017684       0x24 c:/fehqt/proteus/gcc/bin/../lib/gcc/arm-none-eabi/4.6.2/../../../../arm-none-eabi/lib/armv7e-m\libsupc++.a(class_type_info.o)
                0x00017684                typeinfo name for __cxxabiv1::__class_type_info
 .rodata._ZTVSt9exception
                0x000176a8       0x18 c:/fehqt/proteus/gcc/bin/../lib/gcc/arm-none-eabi/4.6.2/../../../../arm-none-eabi/lib/armv7e-m\libsupc++.a(eh_exception.o)
                0x000176a8                vtable for std::exception
 .rodata._ZTIN10__cxxabiv115__forced_unwindE
                0x000176c0        0x8 c:/fehqt/proteus/gcc/bin/../lib/gcc/arm-none-eabi/4.6.2/../../../../arm-none-eabi/lib/armv7e-m\libsupc++.a(eh_exception.o)
                0x000176c0                typeinfo for __cxxabiv1::__forced_unwind
 .rodata._ZTISt9exception
                0x000176c8        0x8 c:/fehqt/proteus/gcc/bin/../lib/gcc/arm-none-eabi/4.6.2/../../../../arm-none-eabi/lib/armv7e-m\libsupc++.a(eh_exception.o)
                0x000176c8                typeinfo for std::exception
 .rodata._ZTSSt13bad_exception
                0x000176d0       0x14 c:/fehqt/proteus/gcc/bin/../lib/gcc/arm-none-eabi/4.6.2/../../../../arm-none-eabi/lib/armv7e-m\libsupc++.a(eh_exception.o)
                0x000176d0                typeinfo name for std::bad_exception
 .rodata.str1.4
                0x000176e4       0x23 c:/fehqt/proteus/gcc/bin/../lib/gcc/arm-none-eabi/4.6.2/../../../../arm-none-eabi/lib/armv7e-m\libsupc++.a(eh_exception.o)
                                 0x24 (size before relaxing)
 *fill*         0x00017707        0x1 00
 .rodata._ZTSN10__cxxabiv119__foreign_exceptionE
                0x00017708       0x24 c:/fehqt/proteus/gcc/bin/../lib/gcc/arm-none-eabi/4.6.2/../../../../arm-none-eabi/lib/armv7e-m\libsupc++.a(eh_exception.o)
                0x00017708                typeinfo name for __cxxabiv1::__foreign_exception
 .rodata._ZTIN10__cxxabiv119__foreign_exceptionE
                0x0001772c        0x8 c:/fehqt/proteus/gcc/bin/../lib/gcc/arm-none-eabi/4.6.2/../../../../arm-none-eabi/lib/armv7e-m\libsupc++.a(eh_exception.o)
                0x0001772c                typeinfo for __cxxabiv1::__foreign_exception
 *fill*         0x00017734        0x4 00
 .rodata._ZTVSt13bad_exception
                0x00017738       0x18 c:/fehqt/proteus/gcc/bin/../lib/gcc/arm-none-eabi/4.6.2/../../../../arm-none-eabi/lib/armv7e-m\libsupc++.a(eh_exception.o)
                0x00017738                vtable for std::bad_exception
 .rodata._ZTSSt9exception
                0x00017750       0x10 c:/fehqt/proteus/gcc/bin/../lib/gcc/arm-none-eabi/4.6.2/../../../../arm-none-eabi/lib/armv7e-m\libsupc++.a(eh_exception.o)
                0x00017750                typeinfo name for std::exception
 .rodata._ZTSN10__cxxabiv115__forced_unwindE
                0x00017760       0x20 c:/fehqt/proteus/gcc/bin/../lib/gcc/arm-none-eabi/4.6.2/../../../../arm-none-eabi/lib/armv7e-m\libsupc++.a(eh_exception.o)
                0x00017760                typeinfo name for __cxxabiv1::__forced_unwind
 .rodata._ZTISt13bad_exception
                0x00017780        0xc c:/fehqt/proteus/gcc/bin/../lib/gcc/arm-none-eabi/4.6.2/../../../../arm-none-eabi/lib/armv7e-m\libsupc++.a(eh_exception.o)
                0x00017780                typeinfo for std::bad_exception
 .rodata._ZTIPv
                0x0001778c       0x10 c:/fehqt/proteus/gcc/bin/../lib/gcc/arm-none-eabi/4.6.2/../../../../arm-none-eabi/lib/armv7e-m\libsupc++.a(fundamental_type_info.o)
                0x0001778c                typeinfo for void*
 .rodata._ZTIv  0x0001779c        0x8 c:/fehqt/proteus/gcc/bin/../lib/gcc/arm-none-eabi/4.6.2/../../../../arm-none-eabi/lib/armv7e-m\libsupc++.a(fundamental_type_info.o)
                0x0001779c                typeinfo for void
 .rodata._ZTSPv
                0x000177a4        0x4 c:/fehqt/proteus/gcc/bin/../lib/gcc/arm-none-eabi/4.6.2/../../../../arm-none-eabi/lib/armv7e-m\libsupc++.a(fundamental_type_info.o)
                0x000177a4                typeinfo name for void*
 .rodata._ZTSv  0x000177a8        0x4 c:/fehqt/proteus/gcc/bin/../lib/gcc/arm-none-eabi/4.6.2/../../../../arm-none-eabi/lib/armv7e-m\libsupc++.a(fundamental_type_info.o)
                0x000177a8                typeinfo name for void
 .rodata._ZTIN10__cxxabiv123__fundamental_type_infoE
                0x000177ac        0xc c:/fehqt/proteus/gcc/bin/../lib/gcc/arm-none-eabi/4.6.2/../../../../arm-none-eabi/lib/armv7e-m\libsupc++.a(fundamental_type_info.o)
                0x000177ac                typeinfo for __cxxabiv1::__fundamental_type_info
 .rodata._ZTSN10__cxxabiv123__fundamental_type_infoE
                0x000177b8       0x28 c:/fehqt/proteus/gcc/bin/../lib/gcc/arm-none-eabi/4.6.2/../../../../arm-none-eabi/lib/armv7e-m\libsupc++.a(fundamental_type_info.o)
                0x000177b8                typeinfo name for __cxxabiv1::__fundamental_type_info
 .rodata._ZTVN10__cxxabiv123__fundamental_type_infoE
                0x000177e0       0x20 c:/fehqt/proteus/gcc/bin/../lib/gcc/arm-none-eabi/4.6.2/../../../../arm-none-eabi/lib/armv7e-m\libsupc++.a(fundamental_type_info.o)
                0x000177e0                vtable for __cxxabiv1::__fundamental_type_info
 .rodata._ZTSN10__cxxabiv119__pointer_type_infoE
                0x00017800       0x24 c:/fehqt/proteus/gcc/bin/../lib/gcc/arm-none-eabi/4.6.2/../../../../arm-none-eabi/lib/armv7e-m\libsupc++.a(pointer_type_info.o)
                0x00017800                typeinfo name for __cxxabiv1::__pointer_type_info
 .rodata._ZTIN10__cxxabiv119__pointer_type_infoE
                0x00017824        0xc c:/fehqt/proteus/gcc/bin/../lib/gcc/arm-none-eabi/4.6.2/../../../../arm-none-eabi/lib/armv7e-m\libsupc++.a(pointer_type_info.o)
                0x00017824                typeinfo for __cxxabiv1::__pointer_type_info
 .rodata._ZTVN10__cxxabiv119__pointer_type_infoE
                0x00017830       0x28 c:/fehqt/proteus/gcc/bin/../lib/gcc/arm-none-eabi/4.6.2/../../../../arm-none-eabi/lib/armv7e-m\libsupc++.a(pointer_type_info.o)
                0x00017830                vtable for __cxxabiv1::__pointer_type_info
 .rodata._ZTVN10__cxxabiv120__si_class_type_infoE
                0x00017858       0x30 c:/fehqt/proteus/gcc/bin/../lib/gcc/arm-none-eabi/4.6.2/../../../../arm-none-eabi/lib/armv7e-m\libsupc++.a(si_class_type_info.o)
                0x00017858                vtable for __cxxabiv1::__si_class_type_info
 .rodata._ZTIN10__cxxabiv120__si_class_type_infoE
                0x00017888        0xc c:/fehqt/proteus/gcc/bin/../lib/gcc/arm-none-eabi/4.6.2/../../../../arm-none-eabi/lib/armv7e-m\libsupc++.a(si_class_type_info.o)
                0x00017888                typeinfo for __cxxabiv1::__si_class_type_info
 .rodata._ZTSN10__cxxabiv120__si_class_type_infoE
                0x00017894       0x28 c:/fehqt/proteus/gcc/bin/../lib/gcc/arm-none-eabi/4.6.2/../../../../arm-none-eabi/lib/armv7e-m\libsupc++.a(si_class_type_info.o)
                0x00017894                typeinfo name for __cxxabiv1::__si_class_type_info
 .rodata._ZTISt9type_info
                0x000178bc        0x8 c:/fehqt/proteus/gcc/bin/../lib/gcc/arm-none-eabi/4.6.2/../../../../arm-none-eabi/lib/armv7e-m\libsupc++.a(tinfo.o)
                0x000178bc                typeinfo for std::type_info
 .rodata._ZTSSt9type_info
                0x000178c4       0x10 c:/fehqt/proteus/gcc/bin/../lib/gcc/arm-none-eabi/4.6.2/../../../../arm-none-eabi/lib/armv7e-m\libsupc++.a(tinfo.o)
                0x000178c4                typeinfo name for std::type_info
 *fill*         0x000178d4        0x4 00
 .rodata._ZTVSt9type_info
                0x000178d8       0x20 c:/fehqt/proteus/gcc/bin/../lib/gcc/arm-none-eabi/4.6.2/../../../../arm-none-eabi/lib/armv7e-m\libsupc++.a(tinfo.o)
                0x000178d8                vtable for std::type_info
 .rodata._ZTVSt10bad_typeid
                0x000178f8       0x18 c:/fehqt/proteus/gcc/bin/../lib/gcc/arm-none-eabi/4.6.2/../../../../arm-none-eabi/lib/armv7e-m\libsupc++.a(bad_typeid.o)
                0x000178f8                vtable for std::bad_typeid
 .rodata._ZTISt10bad_typeid
                0x00017910        0xc c:/fehqt/proteus/gcc/bin/../lib/gcc/arm-none-eabi/4.6.2/../../../../arm-none-eabi/lib/armv7e-m\libsupc++.a(bad_typeid.o)
                0x00017910                typeinfo for std::bad_typeid
 .rodata.str1.4
                0x0001791c       0x10 c:/fehqt/proteus/gcc/bin/../lib/gcc/arm-none-eabi/4.6.2/../../../../arm-none-eabi/lib/armv7e-m\libsupc++.a(bad_typeid.o)
 .rodata._ZTSSt10bad_typeid
                0x0001792c       0x10 c:/fehqt/proteus/gcc/bin/../lib/gcc/arm-none-eabi/4.6.2/../../../../arm-none-eabi/lib/armv7e-m\libsupc++.a(bad_typeid.o)
                0x0001792c                typeinfo name for std::bad_typeid
 .rodata._ZTIN10__cxxabiv117__pbase_type_infoE
                0x0001793c        0xc c:/fehqt/proteus/gcc/bin/../lib/gcc/arm-none-eabi/4.6.2/../../../../arm-none-eabi/lib/armv7e-m\libsupc++.a(pbase_type_info.o)
                0x0001793c                typeinfo for __cxxabiv1::__pbase_type_info
 .rodata._ZTSN10__cxxabiv117__pbase_type_infoE
                0x00017948       0x24 c:/fehqt/proteus/gcc/bin/../lib/gcc/arm-none-eabi/4.6.2/../../../../arm-none-eabi/lib/armv7e-m\libsupc++.a(pbase_type_info.o)
                0x00017948                typeinfo name for __cxxabiv1::__pbase_type_info
 *fill*         0x0001796c        0x4 00
 .rodata._ZTVN10__cxxabiv117__pbase_type_infoE
                0x00017970       0x28 c:/fehqt/proteus/gcc/bin/../lib/gcc/arm-none-eabi/4.6.2/../../../../arm-none-eabi/lib/armv7e-m\libsupc++.a(pbase_type_info.o)
                0x00017970                vtable for __cxxabiv1::__pbase_type_info
 *(.glue_7)
 .glue_7        0x00000000        0x0 linker stubs
 *(.glue_7t)
 .glue_7t       0x00000000        0x0 linker stubs
 *(.eh_frame)
 *(.init)
 *(.fini)
                0x00017998                . = ALIGN (0x4)
                0x00017998                _etext = .

.vfp11_veneer   0x00017998        0x0
 .vfp11_veneer  0x00000000        0x0 linker stubs

.v4_bx          0x00017998        0x0
 .v4_bx         0x00000000        0x0 linker stubs

.ARM.extab      0x00017998      0x114
 *(.ARM.extab* .gnu.linkonce.armextab.*)
 .ARM.extab.text._ZNSt9bad_allocD2Ev
                0x00017998        0x0 C:\fehqt\Proteus/EWL/lib/armv7e-m\librt.a(New.o)
 .ARM.extab.text._ZNKSt9bad_alloc4whatEv
                0x00017998        0x0 C:\fehqt\Proteus/EWL/lib/armv7e-m\librt.a(New.o)
 .ARM.extab.text._Znwj
                0x00017998       0x20 C:\fehqt\Proteus/EWL/lib/armv7e-m\librt.a(New.o)
 .ARM.extab.text._ZNSt9bad_allocD0Ev
                0x000179b8        0x0 C:\fehqt\Proteus/EWL/lib/armv7e-m\librt.a(New.o)
 .ARM.extab.text.__cxa_bad_typeid
                0x000179b8        0xc c:/fehqt/proteus/gcc/bin/../lib/gcc/arm-none-eabi/4.6.2/../../../../arm-none-eabi/lib/armv7e-m\libsupc++.a(eh_aux_runtime.o)
 .ARM.extab.text.__cxa_call_unexpected
                0x000179c4       0x28 c:/fehqt/proteus/gcc/bin/../lib/gcc/arm-none-eabi/4.6.2/../../../../arm-none-eabi/lib/armv7e-m\libsupc++.a(eh_call.o)
 .ARM.extab.text.__cxa_begin_catch
                0x000179ec       0x20 c:/fehqt/proteus/gcc/bin/../lib/gcc/arm-none-eabi/4.6.2/../../../../arm-none-eabi/lib/armv7e-m\libsupc++.a(eh_catch.o)
 .ARM.extab.text._ZL21base_of_encoded_valuehP15_Unwind_Context
                0x00017a0c        0xc c:/fehqt/proteus/gcc/bin/../lib/gcc/arm-none-eabi/4.6.2/../../../../arm-none-eabi/lib/armv7e-m\libsupc++.a(eh_personality.o)
 .ARM.extab.text.__gxx_personality_v0
                0x00017a18       0x20 c:/fehqt/proteus/gcc/bin/../lib/gcc/arm-none-eabi/4.6.2/../../../../arm-none-eabi/lib/armv7e-m\libsupc++.a(eh_personality.o)
 .ARM.extab.text._ZN10__cxxabiv111__terminateEPFvvE
                0x00017a38       0x2c c:/fehqt/proteus/gcc/bin/../lib/gcc/arm-none-eabi/4.6.2/../../../../arm-none-eabi/lib/armv7e-m\libsupc++.a(eh_terminate.o)
 .ARM.extab.text._ZN10__cxxabiv112__unexpectedEPFvvE
                0x00017a64        0xc c:/fehqt/proteus/gcc/bin/../lib/gcc/arm-none-eabi/4.6.2/../../../../arm-none-eabi/lib/armv7e-m\libsupc++.a(eh_terminate.o)
 .ARM.extab.text._ZSt10unexpectedv
                0x00017a70        0xc c:/fehqt/proteus/gcc/bin/../lib/gcc/arm-none-eabi/4.6.2/../../../../arm-none-eabi/lib/armv7e-m\libsupc++.a(eh_terminate.o)
 .ARM.extab.text._ZNK10__cxxabiv117__pbase_type_info15__pointer_catchEPKS0_PPvj
                0x00017a7c        0x0 c:/fehqt/proteus/gcc/bin/../lib/gcc/arm-none-eabi/4.6.2/../../../../arm-none-eabi/lib/armv7e-m\libsupc++.a(pbase_type_info.o)
 .ARM.extab     0x00017a7c       0x18 c:/fehqt/proteus/gcc/bin/../lib/gcc/arm-none-eabi/4.6.2/armv7e-m\libgcc.a(unwind-arm.o)
 .ARM.extab     0x00017a94       0x18 c:/fehqt/proteus/gcc/bin/../lib/gcc/arm-none-eabi/4.6.2/armv7e-m\libgcc.a(pr-support.o)

.ARM            0x00017aac      0x1f0
                0x00017aac                __exidx_start = .
 *(.ARM.exidx*)
 .ARM.exidx.text._ZNSt9bad_allocD2Ev
                0x00017b6c        0x0 C:\fehqt\Proteus/EWL/lib/armv7e-m\librt.a(New.o)
                                  0x8 (size before relaxing)
 .ARM.exidx.text._ZNKSt9bad_alloc4whatEv
                0x00017b6c        0x0 C:\fehqt\Proteus/EWL/lib/armv7e-m\librt.a(New.o)
                                  0x8 (size before relaxing)
 .ARM.exidx.text._Znwj
                0x00017b6c        0x8 C:\fehqt\Proteus/EWL/lib/armv7e-m\librt.a(New.o)
 .ARM.exidx.text._ZdlPv
                0x00017b74        0x8 C:\fehqt\Proteus/EWL/lib/armv7e-m\librt.a(New.o)
 .ARM.exidx.text._ZNSt9bad_allocD0Ev
                0x00017b7c        0x0 C:\fehqt\Proteus/EWL/lib/armv7e-m\librt.a(New.o)
                                  0x8 (size before relaxing)
 .ARM.exidx.text._ZNK10__cxxabiv117__class_type_info11__do_upcastEPKS0_PPv
                0x00017b7c        0x8 c:/fehqt/proteus/gcc/bin/../lib/gcc/arm-none-eabi/4.6.2/../../../../arm-none-eabi/lib/armv7e-m\libsupc++.a(class_type_info.o)
 .ARM.exidx.text._ZNK10__cxxabiv117__class_type_info20__do_find_public_srcEiPKvPKS0_S2_
                0x00017b84        0x8 c:/fehqt/proteus/gcc/bin/../lib/gcc/arm-none-eabi/4.6.2/../../../../arm-none-eabi/lib/armv7e-m\libsupc++.a(class_type_info.o)
 .ARM.exidx.text._ZNK10__cxxabiv117__class_type_info11__do_upcastEPKS0_PKvRNS0_15__upcast_resultE
                0x00017b8c        0x8 c:/fehqt/proteus/gcc/bin/../lib/gcc/arm-none-eabi/4.6.2/../../../../arm-none-eabi/lib/armv7e-m\libsupc++.a(class_type_info.o)
 .ARM.exidx.text._ZN10__cxxabiv117__class_type_infoD2Ev
                0x00017b94        0x8 c:/fehqt/proteus/gcc/bin/../lib/gcc/arm-none-eabi/4.6.2/../../../../arm-none-eabi/lib/armv7e-m\libsupc++.a(class_type_info.o)
 .ARM.exidx.text._ZN10__cxxabiv117__class_type_infoD0Ev
                0x00017b9c        0x0 c:/fehqt/proteus/gcc/bin/../lib/gcc/arm-none-eabi/4.6.2/../../../../arm-none-eabi/lib/armv7e-m\libsupc++.a(class_type_info.o)
                                  0x8 (size before relaxing)
 .ARM.exidx.text._ZNK10__cxxabiv117__class_type_info12__do_dyncastEiNS0_10__sub_kindEPKS0_PKvS3_S5_RNS0_16__dyncast_resultE
                0x00017b9c        0x8 c:/fehqt/proteus/gcc/bin/../lib/gcc/arm-none-eabi/4.6.2/../../../../arm-none-eabi/lib/armv7e-m\libsupc++.a(class_type_info.o)
 .ARM.exidx.text._ZNK10__cxxabiv117__class_type_info10__do_catchEPKSt9type_infoPPvj
                0x00017ba4        0x8 c:/fehqt/proteus/gcc/bin/../lib/gcc/arm-none-eabi/4.6.2/../../../../arm-none-eabi/lib/armv7e-m\libsupc++.a(class_type_info.o)
 .ARM.exidx.text.__cxa_allocate_exception
                0x00017bac        0x8 c:/fehqt/proteus/gcc/bin/../lib/gcc/arm-none-eabi/4.6.2/../../../../arm-none-eabi/lib/armv7e-m\libsupc++.a(eh_alloc.o)
 .ARM.exidx.text.__cxa_free_exception
                0x00017bb4        0x0 c:/fehqt/proteus/gcc/bin/../lib/gcc/arm-none-eabi/4.6.2/../../../../arm-none-eabi/lib/armv7e-m\libsupc++.a(eh_alloc.o)
                                  0x8 (size before relaxing)
 .ARM.exidx.text.__cxa_type_match
                0x00017bb4        0x8 c:/fehqt/proteus/gcc/bin/../lib/gcc/arm-none-eabi/4.6.2/../../../../arm-none-eabi/lib/armv7e-m\libsupc++.a(eh_arm.o)
 .ARM.exidx.text.__cxa_begin_cleanup
                0x00017bbc        0x8 c:/fehqt/proteus/gcc/bin/../lib/gcc/arm-none-eabi/4.6.2/../../../../arm-none-eabi/lib/armv7e-m\libsupc++.a(eh_arm.o)
 .ARM.exidx.text.__gnu_end_cleanup
                0x00017bc4        0x0 c:/fehqt/proteus/gcc/bin/../lib/gcc/arm-none-eabi/4.6.2/../../../../arm-none-eabi/lib/armv7e-m\libsupc++.a(eh_arm.o)
                                  0x8 (size before relaxing)
 .ARM.exidx.text.__cxa_bad_typeid
                0x00017bc4        0x8 c:/fehqt/proteus/gcc/bin/../lib/gcc/arm-none-eabi/4.6.2/../../../../arm-none-eabi/lib/armv7e-m\libsupc++.a(eh_aux_runtime.o)
 .ARM.exidx.text.__cxa_call_terminate
                0x00017bcc        0x8 c:/fehqt/proteus/gcc/bin/../lib/gcc/arm-none-eabi/4.6.2/../../../../arm-none-eabi/lib/armv7e-m\libsupc++.a(eh_call.o)
 .ARM.exidx.text.__cxa_call_unexpected
                0x00017bd4        0x8 c:/fehqt/proteus/gcc/bin/../lib/gcc/arm-none-eabi/4.6.2/../../../../arm-none-eabi/lib/armv7e-m\libsupc++.a(eh_call.o)
 .ARM.exidx.text.__cxa_begin_catch
                0x00017bdc        0x8 c:/fehqt/proteus/gcc/bin/../lib/gcc/arm-none-eabi/4.6.2/../../../../arm-none-eabi/lib/armv7e-m\libsupc++.a(eh_catch.o)
 .ARM.exidx.text.__cxa_end_catch
                0x00017be4        0x8 c:/fehqt/proteus/gcc/bin/../lib/gcc/arm-none-eabi/4.6.2/../../../../arm-none-eabi/lib/armv7e-m\libsupc++.a(eh_catch.o)
 .ARM.exidx.text._ZNSt9exceptionD2Ev
                0x00017bec        0x0 c:/fehqt/proteus/gcc/bin/../lib/gcc/arm-none-eabi/4.6.2/../../../../arm-none-eabi/lib/armv7e-m\libsupc++.a(eh_exception.o)
                                  0x8 (size before relaxing)
 .ARM.exidx.text._ZNSt13bad_exceptionD2Ev
                0x00017bec        0x0 c:/fehqt/proteus/gcc/bin/../lib/gcc/arm-none-eabi/4.6.2/../../../../arm-none-eabi/lib/armv7e-m\libsupc++.a(eh_exception.o)
                                  0x8 (size before relaxing)
 .ARM.exidx.text._ZNKSt9exception4whatEv
                0x00017bec        0x0 c:/fehqt/proteus/gcc/bin/../lib/gcc/arm-none-eabi/4.6.2/../../../../arm-none-eabi/lib/armv7e-m\libsupc++.a(eh_exception.o)
                                  0x8 (size before relaxing)
 .ARM.exidx.text._ZNKSt13bad_exception4whatEv
                0x00017bec        0x0 c:/fehqt/proteus/gcc/bin/../lib/gcc/arm-none-eabi/4.6.2/../../../../arm-none-eabi/lib/armv7e-m\libsupc++.a(eh_exception.o)
                                  0x8 (size before relaxing)
 .ARM.exidx.text._ZNSt13bad_exceptionD0Ev
                0x00017bec        0x0 c:/fehqt/proteus/gcc/bin/../lib/gcc/arm-none-eabi/4.6.2/../../../../arm-none-eabi/lib/armv7e-m\libsupc++.a(eh_exception.o)
                                  0x8 (size before relaxing)
 .ARM.exidx.text._ZNSt9exceptionD0Ev
                0x00017bec        0x0 c:/fehqt/proteus/gcc/bin/../lib/gcc/arm-none-eabi/4.6.2/../../../../arm-none-eabi/lib/armv7e-m\libsupc++.a(eh_exception.o)
                                  0x8 (size before relaxing)
 .ARM.exidx.text.__cxa_get_globals_fast
                0x00017bec        0x0 c:/fehqt/proteus/gcc/bin/../lib/gcc/arm-none-eabi/4.6.2/../../../../arm-none-eabi/lib/armv7e-m\libsupc++.a(eh_globals.o)
                                  0x8 (size before relaxing)
 .ARM.exidx.text.__cxa_get_globals
                0x00017bec        0x0 c:/fehqt/proteus/gcc/bin/../lib/gcc/arm-none-eabi/4.6.2/../../../../arm-none-eabi/lib/armv7e-m\libsupc++.a(eh_globals.o)
                                  0x8 (size before relaxing)
 .ARM.exidx.text._ZL12read_sleb128PKhPl
                0x00017bec        0x0 c:/fehqt/proteus/gcc/bin/../lib/gcc/arm-none-eabi/4.6.2/../../../../arm-none-eabi/lib/armv7e-m\libsupc++.a(eh_personality.o)
                                  0x8 (size before relaxing)
 .ARM.exidx.text._ZL28read_encoded_value_with_basehjPKhPj
                0x00017bec        0x8 c:/fehqt/proteus/gcc/bin/../lib/gcc/arm-none-eabi/4.6.2/../../../../arm-none-eabi/lib/armv7e-m\libsupc++.a(eh_personality.o)
 .ARM.exidx.text._ZL21base_of_encoded_valuehP15_Unwind_Context
                0x00017bf4        0x8 c:/fehqt/proteus/gcc/bin/../lib/gcc/arm-none-eabi/4.6.2/../../../../arm-none-eabi/lib/armv7e-m\libsupc++.a(eh_personality.o)
 .ARM.exidx.text._ZL17parse_lsda_headerP15_Unwind_ContextPKhP16lsda_header_info.constprop.1
                0x00017bfc        0x8 c:/fehqt/proteus/gcc/bin/../lib/gcc/arm-none-eabi/4.6.2/../../../../arm-none-eabi/lib/armv7e-m\libsupc++.a(eh_personality.o)
 .ARM.exidx.text.__gxx_personality_v0
                0x00017c04        0x8 c:/fehqt/proteus/gcc/bin/../lib/gcc/arm-none-eabi/4.6.2/../../../../arm-none-eabi/lib/armv7e-m\libsupc++.a(eh_personality.o)
 .ARM.exidx.text._ZN10__cxxabiv111__terminateEPFvvE
                0x00017c0c        0x8 c:/fehqt/proteus/gcc/bin/../lib/gcc/arm-none-eabi/4.6.2/../../../../arm-none-eabi/lib/armv7e-m\libsupc++.a(eh_terminate.o)
 .ARM.exidx.text._ZSt9terminatev
                0x00017c14        0x8 c:/fehqt/proteus/gcc/bin/../lib/gcc/arm-none-eabi/4.6.2/../../../../arm-none-eabi/lib/armv7e-m\libsupc++.a(eh_terminate.o)
 .ARM.exidx.text._ZN10__cxxabiv112__unexpectedEPFvvE
                0x00017c1c        0x8 c:/fehqt/proteus/gcc/bin/../lib/gcc/arm-none-eabi/4.6.2/../../../../arm-none-eabi/lib/armv7e-m\libsupc++.a(eh_terminate.o)
 .ARM.exidx.text._ZSt10unexpectedv
                0x00017c24        0x8 c:/fehqt/proteus/gcc/bin/../lib/gcc/arm-none-eabi/4.6.2/../../../../arm-none-eabi/lib/armv7e-m\libsupc++.a(eh_terminate.o)
 .ARM.exidx.text._ZL23__gxx_exception_cleanup19_Unwind_Reason_CodeP21_Unwind_Control_Block
                0x00017c2c        0x8 c:/fehqt/proteus/gcc/bin/../lib/gcc/arm-none-eabi/4.6.2/../../../../arm-none-eabi/lib/armv7e-m\libsupc++.a(eh_throw.o)
 .ARM.exidx.text.__cxa_throw
                0x00017c34        0x8 c:/fehqt/proteus/gcc/bin/../lib/gcc/arm-none-eabi/4.6.2/../../../../arm-none-eabi/lib/armv7e-m\libsupc++.a(eh_throw.o)
 .ARM.exidx.text.__cxa_rethrow
                0x00017c3c        0x8 c:/fehqt/proteus/gcc/bin/../lib/gcc/arm-none-eabi/4.6.2/../../../../arm-none-eabi/lib/armv7e-m\libsupc++.a(eh_throw.o)
 .ARM.exidx.text._ZN10__cxxabiv123__fundamental_type_infoD2Ev
                0x00017c44        0x0 c:/fehqt/proteus/gcc/bin/../lib/gcc/arm-none-eabi/4.6.2/../../../../arm-none-eabi/lib/armv7e-m\libsupc++.a(fundamental_type_info.o)
                                  0x8 (size before relaxing)
 .ARM.exidx.text._ZN10__cxxabiv123__fundamental_type_infoD0Ev
                0x00017c44        0x0 c:/fehqt/proteus/gcc/bin/../lib/gcc/arm-none-eabi/4.6.2/../../../../arm-none-eabi/lib/armv7e-m\libsupc++.a(fundamental_type_info.o)
                                  0x8 (size before relaxing)
 .ARM.exidx.text._ZNK10__cxxabiv119__pointer_type_info14__is_pointer_pEv
                0x00017c44        0x8 c:/fehqt/proteus/gcc/bin/../lib/gcc/arm-none-eabi/4.6.2/../../../../arm-none-eabi/lib/armv7e-m\libsupc++.a(pointer_type_info.o)
 .ARM.exidx.text._ZN10__cxxabiv119__pointer_type_infoD2Ev
                0x00017c4c        0x8 c:/fehqt/proteus/gcc/bin/../lib/gcc/arm-none-eabi/4.6.2/../../../../arm-none-eabi/lib/armv7e-m\libsupc++.a(pointer_type_info.o)
 .ARM.exidx.text._ZN10__cxxabiv119__pointer_type_infoD0Ev
                0x00017c54        0x0 c:/fehqt/proteus/gcc/bin/../lib/gcc/arm-none-eabi/4.6.2/../../../../arm-none-eabi/lib/armv7e-m\libsupc++.a(pointer_type_info.o)
                                  0x8 (size before relaxing)
 .ARM.exidx.text._ZNK10__cxxabiv119__pointer_type_info15__pointer_catchEPKNS_17__pbase_type_infoEPPvj
                0x00017c54        0x8 c:/fehqt/proteus/gcc/bin/../lib/gcc/arm-none-eabi/4.6.2/../../../../arm-none-eabi/lib/armv7e-m\libsupc++.a(pointer_type_info.o)
 .ARM.exidx.text._ZN10__cxxabiv120__si_class_type_infoD2Ev
                0x00017c5c        0x8 c:/fehqt/proteus/gcc/bin/../lib/gcc/arm-none-eabi/4.6.2/../../../../arm-none-eabi/lib/armv7e-m\libsupc++.a(si_class_type_info.o)
 .ARM.exidx.text._ZN10__cxxabiv120__si_class_type_infoD0Ev
                0x00017c64        0x0 c:/fehqt/proteus/gcc/bin/../lib/gcc/arm-none-eabi/4.6.2/../../../../arm-none-eabi/lib/armv7e-m\libsupc++.a(si_class_type_info.o)
                                  0x8 (size before relaxing)
 .ARM.exidx.text._ZNK10__cxxabiv120__si_class_type_info11__do_upcastEPKNS_17__class_type_infoEPKvRNS1_15__upcast_resultE
                0x00017c64        0x8 c:/fehqt/proteus/gcc/bin/../lib/gcc/arm-none-eabi/4.6.2/../../../../arm-none-eabi/lib/armv7e-m\libsupc++.a(si_class_type_info.o)
 .ARM.exidx.text._ZNK10__cxxabiv120__si_class_type_info12__do_dyncastEiNS_17__class_type_info10__sub_kindEPKS1_PKvS4_S6_RNS1_16__dyncast_resultE
                0x00017c6c        0x8 c:/fehqt/proteus/gcc/bin/../lib/gcc/arm-none-eabi/4.6.2/../../../../arm-none-eabi/lib/armv7e-m\libsupc++.a(si_class_type_info.o)
 .ARM.exidx.text._ZNK10__cxxabiv120__si_class_type_info20__do_find_public_srcEiPKvPKNS_17__class_type_infoES2_
                0x00017c74        0x8 c:/fehqt/proteus/gcc/bin/../lib/gcc/arm-none-eabi/4.6.2/../../../../arm-none-eabi/lib/armv7e-m\libsupc++.a(si_class_type_info.o)
 .ARM.exidx.text._ZNSt9type_infoD2Ev
                0x00017c7c        0x8 c:/fehqt/proteus/gcc/bin/../lib/gcc/arm-none-eabi/4.6.2/../../../../arm-none-eabi/lib/armv7e-m\libsupc++.a(tinfo.o)
 .ARM.exidx.text._ZNKSt9type_info14__is_pointer_pEv
                0x00017c84        0x0 c:/fehqt/proteus/gcc/bin/../lib/gcc/arm-none-eabi/4.6.2/../../../../arm-none-eabi/lib/armv7e-m\libsupc++.a(tinfo.o)
                                  0x8 (size before relaxing)
 .ARM.exidx.text._ZNKSt9type_info15__is_function_pEv
                0x00017c84        0x0 c:/fehqt/proteus/gcc/bin/../lib/gcc/arm-none-eabi/4.6.2/../../../../arm-none-eabi/lib/armv7e-m\libsupc++.a(tinfo.o)
                                  0x8 (size before relaxing)
 .ARM.exidx.text._ZNKSt9type_info11__do_upcastEPKN10__cxxabiv117__class_type_infoEPPv
                0x00017c84        0x0 c:/fehqt/proteus/gcc/bin/../lib/gcc/arm-none-eabi/4.6.2/../../../../arm-none-eabi/lib/armv7e-m\libsupc++.a(tinfo.o)
                                  0x8 (size before relaxing)
 .ARM.exidx.text._ZNSt9type_infoD0Ev
                0x00017c84        0x0 c:/fehqt/proteus/gcc/bin/../lib/gcc/arm-none-eabi/4.6.2/../../../../arm-none-eabi/lib/armv7e-m\libsupc++.a(tinfo.o)
                                  0x8 (size before relaxing)
 .ARM.exidx.text._ZNKSt9type_infoeqERKS_
                0x00017c84        0x0 c:/fehqt/proteus/gcc/bin/../lib/gcc/arm-none-eabi/4.6.2/../../../../arm-none-eabi/lib/armv7e-m\libsupc++.a(tinfo.o)
                                  0x8 (size before relaxing)
 .ARM.exidx.text._ZNKSt9type_info10__do_catchEPKS_PPvj
                0x00017c84        0x0 c:/fehqt/proteus/gcc/bin/../lib/gcc/arm-none-eabi/4.6.2/../../../../arm-none-eabi/lib/armv7e-m\libsupc++.a(tinfo.o)
                                  0x8 (size before relaxing)
 .ARM.exidx.text._ZNKSt10bad_typeid4whatEv
                0x00017c84        0x0 c:/fehqt/proteus/gcc/bin/../lib/gcc/arm-none-eabi/4.6.2/../../../../arm-none-eabi/lib/armv7e-m\libsupc++.a(bad_typeid.o)
                                  0x8 (size before relaxing)
 .ARM.exidx.text._ZNSt10bad_typeidD2Ev
                0x00017c84        0x0 c:/fehqt/proteus/gcc/bin/../lib/gcc/arm-none-eabi/4.6.2/../../../../arm-none-eabi/lib/armv7e-m\libsupc++.a(bad_typeid.o)
                                  0x8 (size before relaxing)
 .ARM.exidx.text._ZNSt10bad_typeidD0Ev
                0x00017c84        0x0 c:/fehqt/proteus/gcc/bin/../lib/gcc/arm-none-eabi/4.6.2/../../../../arm-none-eabi/lib/armv7e-m\libsupc++.a(bad_typeid.o)
                                  0x8 (size before relaxing)
 .ARM.exidx.text._ZNK10__cxxabiv117__pbase_type_info15__pointer_catchEPKS0_PPvj
                0x00017c84        0x8 c:/fehqt/proteus/gcc/bin/../lib/gcc/arm-none-eabi/4.6.2/../../../../arm-none-eabi/lib/armv7e-m\libsupc++.a(pbase_type_info.o)
 .ARM.exidx.text._ZN10__cxxabiv117__pbase_type_infoD2Ev
                0x00017c8c        0x0 c:/fehqt/proteus/gcc/bin/../lib/gcc/arm-none-eabi/4.6.2/../../../../arm-none-eabi/lib/armv7e-m\libsupc++.a(pbase_type_info.o)
                                  0x8 (size before relaxing)
 .ARM.exidx.text._ZN10__cxxabiv117__pbase_type_infoD0Ev
                0x00017c8c        0x0 c:/fehqt/proteus/gcc/bin/../lib/gcc/arm-none-eabi/4.6.2/../../../../arm-none-eabi/lib/armv7e-m\libsupc++.a(pbase_type_info.o)
                                  0x8 (size before relaxing)
 .ARM.exidx.text._ZNK10__cxxabiv117__pbase_type_info10__do_catchEPKSt9type_infoPPvj
                0x00017c8c       0x10 c:/fehqt/proteus/gcc/bin/../lib/gcc/arm-none-eabi/4.6.2/../../../../arm-none-eabi/lib/armv7e-m\libsupc++.a(pbase_type_info.o)
                                  0x8 (size before relaxing)
 .ARM.exidx     0x00017aac       0x88 c:/fehqt/proteus/gcc/bin/../lib/gcc/arm-none-eabi/4.6.2/armv7e-m\libgcc.a(unwind-arm.o)
                                 0xc0 (size before relaxing)
 .ARM.exidx     0x00017b34       0x38 c:/fehqt/proteus/gcc/bin/../lib/gcc/arm-none-eabi/4.6.2/armv7e-m\libgcc.a(pr-support.o)
                                 0x48 (size before relaxing)
                0x00017c9c                __exidx_end = .

.ctors          0x00017c9c        0x0
                0x00017c9c                __CTOR_LIST__ = .
 *crtbegin.o(.ctors)
 *(EXCLUDE_FILE(*crtend.o) .ctors)
 *(SORT(.ctors.*))
 *(.ctors)
                0x00017c9c                __CTOR_END__ = .

.dtors          0x00017c9c        0x0
                0x00017c9c                __DTOR_LIST__ = .
 *crtbegin.o(.dtors)
 *(EXCLUDE_FILE(*crtend.o) .dtors)
 *(SORT(.dtors.*))
 *(.dtors)
                0x00017c9c                __DTOR_END__ = .

.preinit_array  0x00017c9c        0x0
                0x00017c9c                PROVIDE (__preinit_array_start, .)
 *(.preinit_array*)
                0x00017c9c                PROVIDE (__preinit_array_end, .)

.init_array     0x00017c9c       0x1c
                0x00017c9c                PROVIDE (__init_array_start, .)
 *(SORT(.init_array.*))
 *(.init_array*)
 .init_array    0x00017c9c        0x4 FEHProteus.o
 .init_array    0x00017ca0        0x4 Libraries\FEHBuzzer.o
 .init_array    0x00017ca4        0x4 Libraries\FEHLCD.o
 .init_array    0x00017ca8        0x4 Libraries\FEHAccel.o
 .init_array    0x00017cac        0x4 Libraries\FEHBattery.o
 .init_array    0x00017cb0        0x4 Libraries\FEHRPS.o
 .init_array    0x00017cb4        0x4 Libraries\FEHSD.o
                0x00017cb8                PROVIDE (__init_array_end, .)

.fini_array     0x00017cb8        0x0
                0x00017cb8                PROVIDE (__fini_array_start, .)
 *(SORT(.fini_array.*))
 *(.fini_array*)
                0x00017cb8                PROVIDE (__fini_array_end, .)
                0x00017cb8                ___ROM_AT = .

.data           0x1fff0400      0xd28 load address 0x00017cb8
                0x1fff0400                . = ALIGN (0x4)
                0x1fff0400                _sdata = .
 *(.data)
 *(.data*)
 .data._ZL4Stat
                0x1fff0400        0x1 Drivers\SDHC.o
 *fill*         0x1fff0401        0x3 00
 .data.image    0x1fff0404      0x750 Libraries\FEHLCD.o
                0x1fff0404                image
 .data.logo     0x1fff0b54      0x3e8 Libraries\FEHLCD.o
                0x1fff0b54                logo
 .data._ZN6FEHLCD8fontDataE
                0x1fff0f3c      0x1e0 Libraries\FEHLCD.o
                0x1fff0f3c                FEHLCD::fontData
 .data._ZN10__cxxabiv120__unexpected_handlerE
                0x1fff111c        0x4 c:/fehqt/proteus/gcc/bin/../lib/gcc/arm-none-eabi/4.6.2/../../../../arm-none-eabi/lib/armv7e-m\libsupc++.a(eh_unex_handler.o)
                0x1fff111c                __cxxabiv1::__unexpected_handler
 .data._ZN10__cxxabiv119__terminate_handlerE
                0x1fff1120        0x4 c:/fehqt/proteus/gcc/bin/../lib/gcc/arm-none-eabi/4.6.2/../../../../arm-none-eabi/lib/armv7e-m\libsupc++.a(eh_term_handler.o)
                0x1fff1120                __cxxabiv1::__terminate_handler
 .data.tail     0x1fff1124        0x4 C:\fehqt\Proteus/EWL/lib/armv7e-m\libc.a(alloc.o)
                0x1fff1128                . = ALIGN (0x4)
                0x1fff1128                _edata = .
                0x00000d28                ___data_size = (_edata - _sdata)
                0x000189e0                ___m_data2_ROMStart = (___ROM_AT + SIZEOF (.data))

.user_data2     0x20000000        0x0 load address 0x000189e0
                0x20000000                . = ALIGN (0x4)
                0x20000000                ___m_data2_RAMStart = .
 *(.data2)
                0x20000000                ___m_data2_RAMEnd = .
                0x20000000                . = ALIGN (0x4)
                0x00000000                ___m_data2_ROMSize = (___m_data2_RAMEnd - ___m_data2_RAMStart)
                0x20000000                . = ALIGN (0x4)

.bss            0x1fff1128      0xde8 load address 0x000189e0
                0x1fff1128                __START_BSS = .
                0x1fff1128                PROVIDE (__bss_start__, __START_BSS)
 *(.bss)
 *(.bss*)
 .bss._ZL4argv  0x1fff1128        0x4 Startup\__arm_start.o
 .bss.MasterTransmission
                0x1fff112c        0x1 Drivers\i2c.o
                0x1fff112c                MasterTransmission
 .bss.SlaveID   0x1fff112d        0x1 Drivers\i2c.o
                0x1fff112d                SlaveID
 *fill*         0x1fff112e        0x2 00
 .bss.SDHC_Card
                0x1fff1130       0x14 Drivers\SDHC.o
                0x1fff1130                SDHC_Card
 .bss.SDHC_Info
                0x1fff1144      0x204 Drivers\SDHC.o
                0x1fff1144                SDHC_Info
 .bss.SDHC_Device
                0x1fff1348        0x8 Drivers\SDHC.o
                0x1fff1348                SDHC_Device
 .bss.Propeller
                0x1fff1350        0x4 FEHProteus.o
                0x1fff1350                Propeller
 .bss.CoreClockKHz
                0x1fff1354        0x4 FEHProteus.o
                0x1fff1354                CoreClockKHz
 .bss.CoreClockMHz
                0x1fff1358        0x4 FEHProteus.o
                0x1fff1358                CoreClockMHz
 .bss.PeripheralClockKHz
                0x1fff135c        0x4 FEHProteus.o
                0x1fff135c                PeripheralClockKHz
 .bss._ZN14AnalogInputPin17Master_Adc_ConfigE
                0x1fff1360       0x10 Libraries\FEHIO.o
                0x1fff1360                AnalogInputPin::Master_Adc_Config
 .bss._ZN14AnalogInputPin18Encoder_Adc_ConfigE
                0x1fff1370       0x10 Libraries\FEHIO.o
                0x1fff1370                AnalogInputPin::Encoder_Adc_Config
 .bss.interrupt_counts
                0x1fff1380       0x80 Libraries\FEHIO.o
                0x1fff1380                interrupt_counts
 .bss._ZN13AnalogEncoder7pinListE
                0x1fff1400        0x4 Libraries\FEHIO.o
                0x1fff1400                AnalogEncoder::pinList
 .bss.__interrupt_counter
                0x1fff1404        0x4 Libraries\FEHIO.o
                0x1fff1404                __interrupt_counter
 .bss.Buzzer    0x1fff1408        0x4 Libraries\FEHBuzzer.o
                0x1fff1408                Buzzer
 .bss.LCD       0x1fff140c       0x44 Libraries\FEHLCD.o
                0x1fff140c                LCD
 .bss.initialized
                0x1fff1450        0x1 Libraries\FEHLCD.o